Archive member included to satisfy reference by file (symbol)

C:/nxp/MCUXpressoIDE_11.10.0_3148/ide/plugins/com.nxp.mcuxpresso.tools.win32_11.10.0.202311280810/tools/bin/../lib/gcc/arm-none-eabi/13.2.1/../../../../arm-none-eabi/lib/thumb/v7e-m+fp/hard\libcr_nohost_nf.a(_cr__main.o)
                              ./startup/startup_mk66f18.o (__main)
C:/nxp/MCUXpressoIDE_11.10.0_3148/ide/plugins/com.nxp.mcuxpresso.tools.win32_11.10.0.202311280810/tools/bin/../lib/gcc/arm-none-eabi/13.2.1/../../../../arm-none-eabi/lib/thumb/v7e-m+fp/hard\libcr_c.a(memcpy.o)
                              ./utilities/fsl_str.o (memcpy)
C:/nxp/MCUXpressoIDE_11.10.0_3148/ide/plugins/com.nxp.mcuxpresso.tools.win32_11.10.0.202311280810/tools/bin/../lib/gcc/arm-none-eabi/13.2.1/../../../../arm-none-eabi/lib/thumb/v7e-m+fp/hard\libcr_c.a(memset.o)
                              ./utilities/fsl_debug_console.o (memset)
C:/nxp/MCUXpressoIDE_11.10.0_3148/ide/plugins/com.nxp.mcuxpresso.tools.win32_11.10.0.202311280810/tools/bin/../lib/gcc/arm-none-eabi/13.2.1/../../../../arm-none-eabi/lib/thumb/v7e-m+fp/hard\libcr_c.a(alloc.o)
                              ./drivers/fsl_common.o (malloc)
C:/nxp/MCUXpressoIDE_11.10.0_3148/ide/plugins/com.nxp.mcuxpresso.tools.win32_11.10.0.202311280810/tools/bin/../lib/gcc/arm-none-eabi/13.2.1/../../../../arm-none-eabi/lib/thumb/v7e-m+fp/hard\libcr_c.a(errno.o)
                              ./utilities/fsl_str.o (errno)
C:/nxp/MCUXpressoIDE_11.10.0_3148/ide/plugins/com.nxp.mcuxpresso.tools.win32_11.10.0.202311280810/tools/bin/../lib/gcc/arm-none-eabi/13.2.1/../../../../arm-none-eabi/lib/thumb/v7e-m+fp/hard\libcr_c.a(initio.o)
                              C:/nxp/MCUXpressoIDE_11.10.0_3148/ide/plugins/com.nxp.mcuxpresso.tools.win32_11.10.0.202311280810/tools/bin/../lib/gcc/arm-none-eabi/13.2.1/../../../../arm-none-eabi/lib/thumb/v7e-m+fp/hard\libcr_nohost_nf.a(_cr__main.o) (_initio)
C:/nxp/MCUXpressoIDE_11.10.0_3148/ide/plugins/com.nxp.mcuxpresso.tools.win32_11.10.0.202311280810/tools/bin/../lib/gcc/arm-none-eabi/13.2.1/../../../../arm-none-eabi/lib/thumb/v7e-m+fp/hard\libcr_c.a(scanf.o)
                              ./utilities/fsl_str.o (strtoul)
C:/nxp/MCUXpressoIDE_11.10.0_3148/ide/plugins/com.nxp.mcuxpresso.tools.win32_11.10.0.202311280810/tools/bin/../lib/gcc/arm-none-eabi/13.2.1/../../../../arm-none-eabi/lib/thumb/v7e-m+fp/hard\libcr_c.a(setvbuf.o)
                              C:/nxp/MCUXpressoIDE_11.10.0_3148/ide/plugins/com.nxp.mcuxpresso.tools.win32_11.10.0.202311280810/tools/bin/../lib/gcc/arm-none-eabi/13.2.1/../../../../arm-none-eabi/lib/thumb/v7e-m+fp/hard\libcr_c.a(initio.o) (setvbuf)
C:/nxp/MCUXpressoIDE_11.10.0_3148/ide/plugins/com.nxp.mcuxpresso.tools.win32_11.10.0.202311280810/tools/bin/../lib/gcc/arm-none-eabi/13.2.1/../../../../arm-none-eabi/lib/thumb/v7e-m+fp/hard\libcr_c.a(strlen.o)
                              ./utilities/fsl_str.o (strlen)
C:/nxp/MCUXpressoIDE_11.10.0_3148/ide/plugins/com.nxp.mcuxpresso.tools.win32_11.10.0.202311280810/tools/bin/../lib/gcc/arm-none-eabi/13.2.1/../../../../arm-none-eabi/lib/thumb/v7e-m+fp/hard\libcr_c.a(ungetc.o)
                              C:/nxp/MCUXpressoIDE_11.10.0_3148/ide/plugins/com.nxp.mcuxpresso.tools.win32_11.10.0.202311280810/tools/bin/../lib/gcc/arm-none-eabi/13.2.1/../../../../arm-none-eabi/lib/thumb/v7e-m+fp/hard\libcr_c.a(scanf.o) (ungetc)
C:/nxp/MCUXpressoIDE_11.10.0_3148/ide/plugins/com.nxp.mcuxpresso.tools.win32_11.10.0.202311280810/tools/bin/../lib/gcc/arm-none-eabi/13.2.1/../../../../arm-none-eabi/lib/thumb/v7e-m+fp/hard\libcr_c.a(__fillbuf.o)
                              C:/nxp/MCUXpressoIDE_11.10.0_3148/ide/plugins/com.nxp.mcuxpresso.tools.win32_11.10.0.202311280810/tools/bin/../lib/gcc/arm-none-eabi/13.2.1/../../../../arm-none-eabi/lib/thumb/v7e-m+fp/hard\libcr_c.a(scanf.o) (__filbuf)
C:/nxp/MCUXpressoIDE_11.10.0_3148/ide/plugins/com.nxp.mcuxpresso.tools.win32_11.10.0.202311280810/tools/bin/../lib/gcc/arm-none-eabi/13.2.1/../../../../arm-none-eabi/lib/thumb/v7e-m+fp/hard\libcr_c.a(__init_alloc.o)
                              C:/nxp/MCUXpressoIDE_11.10.0_3148/ide/plugins/com.nxp.mcuxpresso.tools.win32_11.10.0.202311280810/tools/bin/../lib/gcc/arm-none-eabi/13.2.1/../../../../arm-none-eabi/lib/thumb/v7e-m+fp/hard\libcr_c.a(alloc.o) (__heaps)
C:/nxp/MCUXpressoIDE_11.10.0_3148/ide/plugins/com.nxp.mcuxpresso.tools.win32_11.10.0.202311280810/tools/bin/../lib/gcc/arm-none-eabi/13.2.1/../../../../arm-none-eabi/lib/thumb/v7e-m+fp/hard\libcr_c.a(_cr_sbrk.o)
                              C:/nxp/MCUXpressoIDE_11.10.0_3148/ide/plugins/com.nxp.mcuxpresso.tools.win32_11.10.0.202311280810/tools/bin/../lib/gcc/arm-none-eabi/13.2.1/../../../../arm-none-eabi/lib/thumb/v7e-m+fp/hard\libcr_c.a(alloc.o) (_sbrk)
C:/nxp/MCUXpressoIDE_11.10.0_3148/ide/plugins/com.nxp.mcuxpresso.tools.win32_11.10.0.202311280810/tools/bin/../lib/gcc/arm-none-eabi/13.2.1/../../../../arm-none-eabi/lib/thumb/v7e-m+fp/hard\libcr_c.a(_deferredlazyseek.o)
[...]
Memory Configuration

Name             Origin             Length             Attributes
PROGRAM_FLASH    0x00000000         0x00200000         xr
SRAM_UPPER       0x20000000         0x00030000         xrw
SRAM_LOWER       0x1fff0000         0x00010000         xrw
FLEX_RAM         0x14000000         0x00001000         xrw
*default*        0x00000000         0xffffffff

Linker script and memory map

LOAD ./utilities/fsl_assert.o
LOAD ./utilities/fsl_debug_console.o
LOAD ./utilities/fsl_str.o
LOAD ./startup/startup_mk66f18.o
LOAD ./source/GPIO.o
LOAD ./source/NVIC.o
LOAD ./source/freertos_hello.o
LOAD ./source/semihost_hardfault.o
LOAD ./freertos/freertos_kernel/portable/MemMang/heap_4.o
LOAD ./freertos/freertos_kernel/portable/GCC/ARM_CM4F/port.o
LOAD ./freertos/freertos_kernel/croutine.o
LOAD ./freertos/freertos_kernel/event_groups.o
LOAD ./freertos/freertos_kernel/list.o
LOAD ./freertos/freertos_kernel/queue.o
LOAD ./freertos/freertos_kernel/stream_buffer.o
LOAD ./freertos/freertos_kernel/tasks.o
LOAD ./freertos/freertos_kernel/timers.o
LOAD ./drivers/fsl_clock.o
LOAD ./drivers/fsl_common.o
LOAD ./drivers/fsl_common_arm.o
LOAD ./drivers/fsl_ftfx_cache.o
LOAD ./drivers/fsl_ftfx_controller.o
LOAD ./drivers/fsl_ftfx_flash.o
LOAD ./drivers/fsl_ftfx_flexnvm.o
LOAD ./drivers/fsl_gpio.o
LOAD ./drivers/fsl_lpuart.o
LOAD ./drivers/fsl_smc.o
LOAD ./drivers/fsl_uart.o
LOAD ./device/system_MK66F18.o
LOAD ./component/uart/fsl_adapter_uart.o
LOAD ./component/serial_manager/fsl_component_serial_manager.o
LOAD ./component/serial_manager/fsl_component_serial_port_uart.o
LOAD ./component/lists/fsl_component_generic_list.o
LOAD ./board/board.o
LOAD ./board/clock_config.o
LOAD ./board/pin_mux.o
START GROUP
LOAD C:/nxp/MCUXpressoIDE_11.10.0_3148/ide/plugins/com.nxp.mcuxpresso.tools.win32_11.10.0.202311280810/tools/bin/../lib/gcc/arm-none-eabi/13.2.1/../../../../arm-none-eabi/lib/thumb/v7e-m+fp/hard\libcr_nohost_nf.a
LOAD C:/nxp/MCUXpressoIDE_11.10.0_3148/ide/plugins/com.nxp.mcuxpresso.tools.win32_11.10.0.202311280810/tools/bin/../lib/gcc/arm-none-eabi/13.2.1/../../../../arm-none-eabi/lib/thumb/v7e-m+fp/hard\libcr_c.a
LOAD C:/nxp/MCUXpressoIDE_11.10.0_3148/ide/plugins/com.nxp.mcuxpresso.tools.win32_11.10.0.202311280810/tools/bin/../lib/gcc/arm-none-eabi/13.2.1/thumb/v7e-m+fp/hard\libcr_eabihelpers.a
LOAD C:/nxp/MCUXpressoIDE_11.10.0_3148/ide/plugins/com.nxp.mcuxpresso.tools.win32_11.10.0.202311280810/tools/bin/../lib/gcc/arm-none-eabi/13.2.1/thumb/v7e-m+fp/hard\libgcc.a
END GROUP
                0x00000000                        __base_PROGRAM_FLASH = 0x0
                0x00000000                        __base_Flash = 0x0
                0x00200000                        __top_PROGRAM_FLASH = 0x200000
                0x00200000                        __top_Flash = 0x200000
                0x20000000                        __base_SRAM_UPPER = 0x20000000
                0x20000000                        __base_RAM = 0x20000000
                0x20030000                        __top_SRAM_UPPER = 0x20030000
                0x20030000                        __top_RAM = 0x20030000
                0x1fff0000                        __base_SRAM_LOWER = 0x1fff0000
                0x1fff0000                        __base_RAM2 = 0x1fff0000
                0x20000000                        __top_SRAM_LOWER = 0x20000000
                0x20000000                        __top_RAM2 = 0x20000000
                0x14000000                        __base_FLEX_RAM = 0x14000000
                0x14000000                        __base_RAM3 = 0x14000000
                0x14001000                        __top_FLEX_RAM = 0x14001000
                0x14001000                        __top_RAM3 = 0x14001000

.text           0x00000000     0x6240
 FILL mask 0xff
                0x00000000                        __vectors_start__ = ABSOLUTE (.)
 *(SORT_BY_ALIGNMENT(.isr_vector))
 .isr_vector    0x00000000      0x1d0 ./startup/startup_mk66f18.o
                0x00000000                g_pfnVectors
                0x00000000                __Vectors
                0x000001d0                        . = ALIGN (0x4)
                0x000001d0                        __section_table_start = .
                0x000001d0                        __data_section_table = .
                0x000001d0        0x4 LONG 0x6240 LOADADDR (.data)
                0x000001d4        0x4 LONG 0x20000000 ADDR (.data)
                0x000001d8        0x4 LONG 0x18 SIZEOF (.data)
                0x000001dc        0x4 LONG 0x6240 LOADADDR (.data_RAM2)
                0x000001e0        0x4 LONG 0x1fff0000 ADDR (.data_RAM2)
                0x000001e4        0x4 LONG 0x0 SIZEOF (.data_RAM2)
                0x000001e8        0x4 LONG 0x6240 LOADADDR (.data_RAM3)
                0x000001ec        0x4 LONG 0x14000000 ADDR (.data_RAM3)
                0x000001f0        0x4 LONG 0x0 SIZEOF (.data_RAM3)
                0x000001f4                        __data_section_table_end = .
                0x000001f4                        __bss_section_table = .
                0x000001f4        0x4 LONG 0x20000018 ADDR (.bss)
                0x000001f8        0x4 LONG 0x2ab8 SIZEOF (.bss)
                0x000001fc        0x4 LONG 0x1fff0000 ADDR (.bss_RAM2)
                0x00000200        0x4 LONG 0x0 SIZEOF (.bss_RAM2)
                0x00000204        0x4 LONG 0x14000000 ADDR (.bss_RAM3)
                0x00000208        0x4 LONG 0x0 SIZEOF (.bss_RAM3)
                0x0000020c                        __bss_section_table_end = .
                0x0000020c                        __section_table_end = .
 *(SORT_BY_ALIGNMENT(.after_vectors*))
 .after_vectors.reset
                0x0000020c       0x4c ./startup/startup_mk66f18.o
                0x0000020c                ResetISR
 .after_vectors.init_data
                0x00000258       0x1e ./startup/startup_mk66f18.o
                0x00000258                data_init
 .after_vectors.init_bss
                0x00000276       0x12 ./startup/startup_mk66f18.o
                0x00000276                bss_init
 .after_vectors
                0x00000288       0x14 ./startup/startup_mk66f18.o
                0x00000288                NMI_Handler
                0x0000028c                MemManage_Handler
                0x0000028e                BusFault_Handler
                0x00000290                UsageFault_Handler
                0x00000294                DebugMon_Handler
                0x0000029a                DMA_Error_DriverIRQHandler
                0x0000029a                LPTMR0_DriverIRQHandler
                0x0000029a                FTM1_DriverIRQHandler
                0x0000029a                FTM2_DriverIRQHandler
                0x0000029a                PIT2_DriverIRQHandler
                0x0000029a                TPM2_DriverIRQHandler
                0x0000029a                SDHC_DriverIRQHandler
                0x0000029a                DMA7_DMA23_DriverIRQHandler
                0x0000029a                I2C3_DriverIRQHandler
                0x0000029a                I2S0_Tx_DriverIRQHandler
                0x0000029a                TSI0_DriverIRQHandler
                0x0000029a                RTC_Seconds_DriverIRQHandler
                0x0000029a                CMP3_DriverIRQHandler
                0x0000029a                LLWU_DriverIRQHandler
                0x0000029a                MCM_DriverIRQHandler
                0x0000029a                DMA14_DMA30_DriverIRQHandler
                0x0000029a                MCG_DriverIRQHandler
                0x0000029a                ENET_1588_Timer_DriverIRQHandler
                0x0000029a                I2C2_DriverIRQHandler
                0x0000029a                DAC1_DriverIRQHandler
                0x0000029a                SPI1_DriverIRQHandler
                0x0000029a                CMP1_DriverIRQHandler
                0x0000029a                USBHSDCD_DriverIRQHandler
                0x0000029a                DMA0_DMA16_DriverIRQHandler
                0x0000029a                FTM0_DriverIRQHandler
                0x0000029a                IntDefaultHandler
                0x0000029a                USB0_DriverIRQHandler
                0x0000029a                PORTC_DriverIRQHandler
                0x0000029a                DMA2_DMA18_DriverIRQHandler
                0x0000029a                DAC0_DriverIRQHandler
                0x0000029a                CMP2_DriverIRQHandler
                0x0000029a                UART2_ERR_DriverIRQHandler
                0x0000029a                SPI2_DriverIRQHandler
                0x0000029a                LVD_LVW_DriverIRQHandler
                0x0000029a                Reserved84_DriverIRQHandler
                0x0000029a                PORTB_DriverIRQHandler
                0x0000029a                RNG_DriverIRQHandler
                0x0000029a                USBDCD_DriverIRQHandler
                0x0000029a                UART3_ERR_DriverIRQHandler
                0x0000029a                DMA12_DMA28_DriverIRQHandler
                0x0000029a                DMA10_DMA26_DriverIRQHandler
                0x0000029a                UART0_ERR_DriverIRQHandler
                0x0000029a                CMT_DriverIRQHandler
                0x0000029a                Reserved71_DriverIRQHandler
                0x0000029a                ADC1_DriverIRQHandler
                0x0000029a                PORTA_DriverIRQHandler
                0x0000029a                DMA1_DMA17_DriverIRQHandler
                0x0000029a                PIT3_DriverIRQHandler
                0x0000029a                PIT1_DriverIRQHandler
                0x0000029a                TPM1_DriverIRQHandler
                0x0000029a                WDOG_EWM_DriverIRQHandler
                0x0000029a                PDB0_DriverIRQHandler
                0x0000029a                DMA8_DMA24_DriverIRQHandler
                0x0000029a                DMA6_DMA22_DriverIRQHandler
                0x0000029a                RTC_DriverIRQHandler
                0x0000029a                I2S0_Rx_DriverIRQHandler
                0x0000029a                Read_Collision_DriverIRQHandler
                0x0000029a                SWI_DriverIRQHandler
                0x0000029a                UART4_ERR_DriverIRQHandler
                0x0000029a                DMA13_DMA29_DriverIRQHandler
                0x0000029a                DMA11_DMA27_DriverIRQHandler
                0x0000029a                DMA4_DMA20_DriverIRQHandler
                0x0000029a                DMA9_DMA25_DriverIRQHandler
                0x0000029a                I2C1_DriverIRQHandler
                0x0000029a                ENET_Receive_DriverIRQHandler
                0x0000029a                DMA3_DMA19_DriverIRQHandler
                0x0000029a                ENET_Error_DriverIRQHandler
                0x0000029a                Reserved85_DriverIRQHandler
                0x0000029a                SPI0_DriverIRQHandler
                0x0000029a                ADC0_DriverIRQHandler
                0x0000029a                USBHS_DriverIRQHandler
                0x0000029a                CMP0_DriverIRQHandler
                0x0000029a                CAN0_DriverIRQHandler
                0x0000029a                FTM3_DriverIRQHandler
                0x0000029a                DMA5_DMA21_DriverIRQHandler
                0x0000029a                PIT0_DriverIRQHandler
                0x0000029a                DMA15_DMA31_DriverIRQHandler
                0x0000029a                UART1_ERR_DriverIRQHandler
                0x0000029a                ENET_Transmit_DriverIRQHandler
                0x0000029a                PORTD_DriverIRQHandler
                0x0000029a                Reserved46_DriverIRQHandler
                0x0000029a                PORTE_DriverIRQHandler
                0x0000029a                FTFE_DriverIRQHandler
                0x0000029a                I2C0_DriverIRQHandler
                0x0000029a                CAN1_DriverIRQHandler
                0x00000400                        . = 0x400
 *fill*         0x0000029c      0x164 ff
                0x00000400                        PROVIDE (__FLASH_CONFIG_START__ = .)
 *(SORT_BY_ALIGNMENT(.FlashConfig))
 .FlashConfig   0x00000400       0x10 ./startup/startup_mk66f18.o
                0x00000400                Flash_Config
                0x00000410                        PROVIDE (__FLASH_CONFIG_END__ = .)
                0x00000001                        ASSERT (! ((__FLASH_CONFIG_START__ == __FLASH_CONFIG_END__)), Linker Flash Config Support Enabled, but no .FlashConfig section provided within application)
 *(SORT_BY_ALIGNMENT(.text*))
 .text.SVC_Handler
                0x00000410       0x28 ./freertos/freertos_kernel/portable/GCC/ARM_CM4F/port.o
                0x00000410                SVC_Handler
 *fill*         0x00000438        0x8 ff
 .text.PendSV_Handler
                0x00000440       0x68 ./freertos/freertos_kernel/portable/GCC/ARM_CM4F/port.o
                0x00000440                PendSV_Handler
 .text.__assertion_failed
                0x000004a8       0x18 ./utilities/fsl_assert.o
                0x000004a8                __assertion_failed
 .text.DbgConsole_SendDataReliable
                0x000004c0       0x54 ./utilities/fsl_debug_console.o
                0x000004c0                DbgConsole_SendDataReliable
 .text.DbgConsole_Init
                0x00000514      0x118 ./utilities/fsl_debug_console.o
                0x00000514                DbgConsole_Init
 .text.DbgConsole_Vprintf
                0x0000062c       0x68 ./utilities/fsl_debug_console.o
                0x0000062c                DbgConsole_Vprintf
 .text.__NVIC_EnableIRQ
                0x00000694       0x3c ./source/GPIO.o
 .text.PORT_SetPinConfig
                0x000006d0       0x38 ./source/GPIO.o
 .text.board_clk_init
                0x00000708       0x3c ./source/GPIO.o
                0x00000708                board_clk_init
 .text.board_LED_init
                0x00000744       0x74 ./source/GPIO.o
                0x00000744                board_LED_init
 .text.board_SW_init
                0x000007b8       0xc4 ./source/GPIO.o
                0x000007b8                board_SW_init
 .text.__NVIC_EnableIRQ
                0x0000087c       0x3c ./source/NVIC.o
 .text.__NVIC_SetPriority
                0x000008b8       0x54 ./source/NVIC.o
 .text.main     0x0000090c       0x98 ./source/freertos_hello.o
                0x0000090c                main
 .text.vTaskIncome
                0x000009a4       0x38 ./source/freertos_hello.o
                0x000009a4                vTaskIncome
 .text.vTaskLeave
                0x000009dc       0x38 ./source/freertos_hello.o
                0x000009dc                vTaskLeave
 .text.vTaskLEDmanage
                0x00000a14       0xa0 ./source/freertos_hello.o
                0x00000a14                vTaskLEDmanage
 .text.USER_SW2_IRQ
                0x00000ab4       0x5c ./source/freertos_hello.o
                0x00000ab4                USER_SW2_IRQ
 .text.USER_SW3_IRQ
                0x00000b10       0x5c ./source/freertos_hello.o
                0x00000b10                USER_SW3_IRQ
 .text.pvPortMalloc
                0x00000b6c      0x1c0 ./freertos/freertos_kernel/portable/MemMang/heap_4.o
                0x00000b6c                pvPortMalloc
 .text.vPortFree
                0x00000d2c       0xc4 ./freertos/freertos_kernel/portable/MemMang/heap_4.o
                0x00000d2c                vPortFree
 .text.prvHeapInit
                0x00000df0       0xc4 ./freertos/freertos_kernel/portable/MemMang/heap_4.o
 .text.prvInsertBlockIntoFreeList
                0x00000eb4       0xb4 ./freertos/freertos_kernel/portable/MemMang/heap_4.o
 .text.pxPortInitialiseStack
                0x00000f68       0x68 ./freertos/freertos_kernel/portable/GCC/ARM_CM4F/port.o
                0x00000f68                pxPortInitialiseStack
 .text.prvTaskExitError
                0x00000fd0       0x58 ./freertos/freertos_kernel/portable/GCC/ARM_CM4F/port.o
 .text.prvPortStartFirstTask
                0x00001028       0x2c ./freertos/freertos_kernel/portable/GCC/ARM_CM4F/port.o
 .text.xPortStartScheduler
                0x00001054      0x144 ./freertos/freertos_kernel/portable/GCC/ARM_CM4F/port.o
                0x00001054                xPortStartScheduler
 .text.vPortEnterCritical
                0x00001198       0x60 ./freertos/freertos_kernel/portable/GCC/ARM_CM4F/port.o
                0x00001198                vPortEnterCritical
 .text.vPortExitCritical
                0x000011f8       0x54 ./freertos/freertos_kernel/portable/GCC/ARM_CM4F/port.o
                0x000011f8                vPortExitCritical
 .text.SysTick_Handler
                0x0000124c       0x44 ./freertos/freertos_kernel/portable/GCC/ARM_CM4F/port.o
                0x0000124c                SysTick_Handler
 .text.vPortSetupTimerInterrupt
                0x00001290       0x48 ./freertos/freertos_kernel/portable/GCC/ARM_CM4F/port.o
                0x00001290                vPortSetupTimerInterrupt
 .text.vPortEnableVFP
                0x000012d8       0x18 ./freertos/freertos_kernel/portable/GCC/ARM_CM4F/port.o
 .text.vPortValidateInterruptPriority
                0x000012f0       0x80 ./freertos/freertos_kernel/portable/GCC/ARM_CM4F/port.o
                0x000012f0                vPortValidateInterruptPriority
 .text.xQueueGenericReset
                0x00001370       0xd0 ./freertos/freertos_kernel/queue.o
                0x00001370                xQueueGenericReset
 .text.xQueueGenericSend
                0x00001440      0x1fc ./freertos/freertos_kernel/queue.o
                0x00001440                xQueueGenericSend
 .text.xQueueReceive
                0x0000163c      0x1c0 ./freertos/freertos_kernel/queue.o
                0x0000163c                xQueueReceive
 .text.xQueueSemaphoreTake
                0x000017fc      0x21c ./freertos/freertos_kernel/queue.o
                0x000017fc                xQueueSemaphoreTake
 .text.vQueueAddToRegistry
                0x00001a18       0x54 ./freertos/freertos_kernel/queue.o
                0x00001a18                vQueueAddToRegistry
 .text.prvAddNewTaskToReadyList
                0x00001a6c       0xdc ./freertos/freertos_kernel/tasks.o
 .text.vTaskDelay
                0x00001b48       0x68 ./freertos/freertos_kernel/tasks.o
                0x00001b48                vTaskDelay
 .text.vTaskStartScheduler
                0x00001bb0       0xa4 ./freertos/freertos_kernel/tasks.o
                0x00001bb0                vTaskStartScheduler
 .text.vTaskSuspendAll
                0x00001c54       0x1c ./freertos/freertos_kernel/tasks.o
                0x00001c54                vTaskSuspendAll
 .text.xTaskResumeAll
                0x00001c70      0x138 ./freertos/freertos_kernel/tasks.o
                0x00001c70                xTaskResumeAll
 .text.xTaskGetTickCount
                0x00001da8       0x20 ./freertos/freertos_kernel/tasks.o
                0x00001da8                xTaskGetTickCount
 .text.xTaskIncrementTick
                0x00001dc8      0x170 ./freertos/freertos_kernel/tasks.o
                0x00001dc8                xTaskIncrementTick
 .text.vTaskSwitchContext
                0x00001f38       0xb8 ./freertos/freertos_kernel/tasks.o
                0x00001f38                vTaskSwitchContext
 .text.vTaskPlaceOnEventList
                0x00001ff0       0x48 ./freertos/freertos_kernel/tasks.o
                0x00001ff0                vTaskPlaceOnEventList
 .text.vTaskPlaceOnEventListRestricted
                0x00002038       0x58 ./freertos/freertos_kernel/tasks.o
                0x00002038                vTaskPlaceOnEventListRestricted
 .text.xTaskRemoveFromEventList
                0x00002090       0xc4 ./freertos/freertos_kernel/tasks.o
                0x00002090                xTaskRemoveFromEventList
 .text.vTaskInternalSetTimeOutState
                0x00002154       0x2c ./freertos/freertos_kernel/tasks.o
                0x00002154                vTaskInternalSetTimeOutState
 .text.xTaskCheckForTimeOut
                0x00002180       0xcc ./freertos/freertos_kernel/tasks.o
                0x00002180                xTaskCheckForTimeOut
 .text.vTaskMissedYield
                0x0000224c       0x18 ./freertos/freertos_kernel/tasks.o
                0x0000224c                vTaskMissedYield
 .text.prvIdleTask
                0x00002264       0x30 ./freertos/freertos_kernel/tasks.o
 .text.prvInitialiseTaskLists
                0x00002294       0x80 ./freertos/freertos_kernel/tasks.o
 .text.prvCheckTasksWaitingTermination
                0x00002314       0x5c ./freertos/freertos_kernel/tasks.o
 .text.prvResetNextTaskUnblockTime
                0x00002370       0x38 ./freertos/freertos_kernel/tasks.o
 .text.xTaskGetSchedulerState
                0x000023a8       0x3c ./freertos/freertos_kernel/tasks.o
                0x000023a8                xTaskGetSchedulerState
 .text.xTaskPriorityInherit
                0x000023e4       0xec ./freertos/freertos_kernel/tasks.o
                0x000023e4                xTaskPriorityInherit
 .text.xTaskPriorityDisinherit
                0x000024d0       0xf4 ./freertos/freertos_kernel/tasks.o
                0x000024d0                xTaskPriorityDisinherit
 .text.vTaskPriorityDisinheritAfterTimeout
                0x000025c4      0x11c ./freertos/freertos_kernel/tasks.o
                0x000025c4                vTaskPriorityDisinheritAfterTimeout
 .text.pvTaskIncrementMutexHeldCount
                0x000026e0       0x28 ./freertos/freertos_kernel/tasks.o
                0x000026e0                pvTaskIncrementMutexHeldCount
 .text.prvAddCurrentTaskToDelayedList
                0x00002708       0xcc ./freertos/freertos_kernel/tasks.o
 .text.xTimerCreateTimerTask
                0x000027d4       0x64 ./freertos/freertos_kernel/timers.o
                0x000027d4                xTimerCreateTimerTask
 .text.xTimerGenericCommand
                0x00002838       0x9c ./freertos/freertos_kernel/timers.o
                0x00002838                xTimerGenericCommand
 .text.prvProcessExpiredTimer
                0x000028d4       0x98 ./freertos/freertos_kernel/timers.o
 .text.prvProcessTimerOrBlockTask
                0x0000296c       0x9c ./freertos/freertos_kernel/timers.o
 .text.prvGetNextExpireTime
                0x00002a08       0x48 ./freertos/freertos_kernel/timers.o
 .text.prvSampleTimeNow
                0x00002a50       0x40 ./freertos/freertos_kernel/timers.o
 .text.prvInsertTimerInActiveList
                0x00002a90       0x84 ./freertos/freertos_kernel/timers.o
 .text.prvProcessReceivedCommands
                0x00002b14      0x1c4 ./freertos/freertos_kernel/timers.o
 .text.prvSwitchTimerLists
                0x00002cd8       0xc8 ./freertos/freertos_kernel/timers.o
 .text.prvCheckForValidListAndQueue
                0x00002da0       0x6c ./freertos/freertos_kernel/timers.o
 .text.CLOCK_SetEr32kClock
                0x00002e0c       0x30 ./drivers/fsl_clock.o
 .text.CLOCK_SetPllFllSelClock
                0x00002e3c       0x54 ./drivers/fsl_clock.o
 .text.CLOCK_GetMcgExtClkFreq
                0x00002e90       0x7c ./drivers/fsl_clock.o
 .text.CLOCK_GetFllExtRefClkFreq
                0x00002f0c       0xb0 ./drivers/fsl_clock.o
 .text.CLOCK_GetInternalRefClkSelectFreq
                0x00002fbc       0x4c ./drivers/fsl_clock.o
 .text.CLOCK_GetFllRefClkFreq
                0x00003008       0x34 ./drivers/fsl_clock.o
 .text.CLOCK_GetOscRangeFromFreq
                0x0000303c       0x3c ./drivers/fsl_clock.o
 .text.CLOCK_GetCoreSysClkFreq
                0x00003078       0x28 ./drivers/fsl_clock.o
                0x00003078                CLOCK_GetCoreSysClkFreq
 .text.CLOCK_SetSimConfig
                0x000030a0       0x40 ./drivers/fsl_clock.o
                0x000030a0                CLOCK_SetSimConfig
 .text.CLOCK_GetOutClkFreq
                0x000030e0       0x90 ./drivers/fsl_clock.o
                0x000030e0                CLOCK_GetOutClkFreq
 .text.CLOCK_GetFllFreq
                0x00003170       0x84 ./drivers/fsl_clock.o
                0x00003170                CLOCK_GetFllFreq
 .text.CLOCK_GetPll0Freq
                0x000031f4       0x7c ./drivers/fsl_clock.o
                0x000031f4                CLOCK_GetPll0Freq
 .text.CLOCK_GetExtPllFreq
                0x00003270       0x18 ./drivers/fsl_clock.o
                0x00003270                CLOCK_GetExtPllFreq
 .text.CLOCK_SetExternalRefClkConfig
                0x00003288       0x6c ./drivers/fsl_clock.o
                0x00003288                CLOCK_SetExternalRefClkConfig
 .text.CLOCK_SetInternalRefClkConfig
                0x000032f4      0x104 ./drivers/fsl_clock.o
                0x000032f4                CLOCK_SetInternalRefClkConfig
 .text.CLOCK_EnablePll0
                0x000033f8       0x88 ./drivers/fsl_clock.o
                0x000033f8                CLOCK_EnablePll0
 .text.CLOCK_InitOsc0
                0x00003480       0x8c ./drivers/fsl_clock.o
                0x00003480                CLOCK_InitOsc0
 .text.CLOCK_SetPbeMode
                0x0000350c       0xe8 ./drivers/fsl_clock.o
                0x0000350c                CLOCK_SetPbeMode
 .text.CLOCK_BootToPeeMode
                0x000035f4       0x68 ./drivers/fsl_clock.o
                0x000035f4                CLOCK_BootToPeeMode
 .text.GPIO_PinInit
                0x0000365c       0x64 ./drivers/fsl_gpio.o
                0x0000365c                GPIO_PinInit
 .text.LPUART0_DriverIRQHandler
                0x000036c0       0x28 ./drivers/fsl_lpuart.o
                0x000036c0                LPUART0_DriverIRQHandler
 .text.UART_GetInstance
                0x000036e8       0x54 ./drivers/fsl_uart.o
                0x000036e8                UART_GetInstance
 .text.UART_Init
                0x0000373c      0x2f4 ./drivers/fsl_uart.o
                0x0000373c                UART_Init
 .text.UART_GetDefaultConfig
                0x00003a30       0x68 ./drivers/fsl_uart.o
                0x00003a30                UART_GetDefaultConfig
 .text.UART0_DriverIRQHandler
                0x00003a98       0x28 ./drivers/fsl_uart.o
                0x00003a98                UART0_DriverIRQHandler
 .text.UART1_DriverIRQHandler
                0x00003ac0       0x28 ./drivers/fsl_uart.o
                0x00003ac0                UART1_DriverIRQHandler
 .text.UART2_DriverIRQHandler
                0x00003ae8       0x28 ./drivers/fsl_uart.o
                0x00003ae8                UART2_DriverIRQHandler
 .text.UART3_DriverIRQHandler
                0x00003b10       0x28 ./drivers/fsl_uart.o
                0x00003b10                UART3_DriverIRQHandler
 .text.UART4_DriverIRQHandler
                0x00003b38       0x28 ./drivers/fsl_uart.o
                0x00003b38                UART4_DriverIRQHandler
 .text.SystemInit
                0x00003b60       0x3c ./device/system_MK66F18.o
                0x00003b60                SystemInit
 .text.HAL_UartInit
                0x00003b9c      0x128 ./component/uart/fsl_adapter_uart.o
                0x00003b9c                HAL_UartInit
 .text.HAL_UartSendBlocking
                0x00003cc4       0x64 ./component/uart/fsl_adapter_uart.o
                0x00003cc4                HAL_UartSendBlocking
 .text.CLOCK_SetSimSafeDivs
                0x00003d28       0x24 ./board/clock_config.o
 .text.CLOCK_SetXtal0Freq
                0x00003d4c       0x20 ./board/clock_config.o
 .text.CLOCK_CONFIG_SetFllExtRefDiv
                0x00003d6c       0x3c ./board/clock_config.o
 .text.BOARD_BootClockRUN
                0x00003da8       0x60 ./board/clock_config.o
                0x00003da8                BOARD_BootClockRUN
 .text._initio  0x00003e08       0x78 C:/nxp/MCUXpressoIDE_11.10.0_3148/ide/plugins/com.nxp.mcuxpresso.tools.win32_11.10.0.202311280810/tools/bin/../lib/gcc/arm-none-eabi/13.2.1/../../../../arm-none-eabi/lib/thumb/v7e-m+fp/hard\libcr_c.a(initio.o)
                0x00003e08                _initio
 .text._Cwritebuf
                0x00003e80       0x6c C:/nxp/MCUXpressoIDE_11.10.0_3148/ide/plugins/com.nxp.mcuxpresso.tools.win32_11.10.0.202311280810/tools/bin/../lib/gcc/arm-none-eabi/13.2.1/../../../../arm-none-eabi/lib/thumb/v7e-m+fp/hard\libcr_c.a(_writebuf.o)
                0x00003e80                _Cwritebuf
 .text.fflush   0x00003eec       0x3c C:/nxp/MCUXpressoIDE_11.10.0_3148/ide/plugins/com.nxp.mcuxpresso.tools.win32_11.10.0.202311280810/tools/bin/../lib/gcc/arm-none-eabi/13.2.1/../../../../arm-none-eabi/lib/thumb/v7e-m+fp/hard\libcr_c.a(fflush.o)
                0x00003eec                fflush
 .text.fseek    0x00003f28       0xf8 C:/nxp/MCUXpressoIDE_11.10.0_3148/ide/plugins/com.nxp.mcuxpresso.tools.win32_11.10.0.202311280810/tools/bin/../lib/gcc/arm-none-eabi/13.2.1/../../../../arm-none-eabi/lib/thumb/v7e-m+fp/hard\libcr_c.a(fseek.o)
                0x00003f28                fseek
 .text.ftell    0x00004020       0x44 C:/nxp/MCUXpressoIDE_11.10.0_3148/ide/plugins/com.nxp.mcuxpresso.tools.win32_11.10.0.202311280810/tools/bin/../lib/gcc/arm-none-eabi/13.2.1/../../../../arm-none-eabi/lib/thumb/v7e-m+fp/hard\libcr_c.a(ftell.o)
                0x00004020                ftell
 .text.DbgConsole_PrintCallback
                0x00004064       0x66 ./utilities/fsl_debug_console.o
 .text.DbgConsole_Printf
                0x000040ca       0x2c ./utilities/fsl_debug_console.o
                0x000040ca                DbgConsole_Printf
 .text.PrintGetWidth
                0x000040f6       0x6a ./utilities/fsl_str.o
 .text.PrintGetPrecision
                0x00004160       0x8c ./utilities/fsl_str.o
 .text.PrintIsobpu
                0x000041ec       0x38 ./utilities/fsl_str.o
 .text.PrintIsdi
                0x00004224       0x2c ./utilities/fsl_str.o
 .text.PrintOutputdifFobpu
                0x00004250       0x44 ./utilities/fsl_str.o
 .text.PrintOutputxX
                0x00004294       0x44 ./utilities/fsl_str.o
 .text.PrintIsfF
                0x000042d8       0x2c ./utilities/fsl_str.o
 .text.PrintIsxX
                0x00004304       0x2c ./utilities/fsl_str.o
 .text.PrintFilterLengthFlag
                0x00004330       0x3e ./utilities/fsl_str.o
 .text.PrintGetRadixFromobpu
                0x0000436e       0x40 ./utilities/fsl_str.o
 .text.ConvertRadixNumToString
                0x000043ae       0xc2 ./utilities/fsl_str.o
 .text.StrFormatPrintf
                0x00004470      0x2ac ./utilities/fsl_str.o
                0x00004470                StrFormatPrintf
 .text.DMA0_DMA16_IRQHandler
                0x0000471c        0x8 ./startup/startup_mk66f18.o
                0x0000471c                DMA0_DMA16_IRQHandler
 .text.DMA1_DMA17_IRQHandler
                0x00004724        0x8 ./startup/startup_mk66f18.o
                0x00004724                DMA1_DMA17_IRQHandler
 .text.DMA2_DMA18_IRQHandler
                0x0000472c        0x8 ./startup/startup_mk66f18.o
                0x0000472c                DMA2_DMA18_IRQHandler
 .text.DMA3_DMA19_IRQHandler
                0x00004734        0x8 ./startup/startup_mk66f18.o
                0x00004734                DMA3_DMA19_IRQHandler
 .text.DMA4_DMA20_IRQHandler
                0x0000473c        0x8 ./startup/startup_mk66f18.o
                0x0000473c                DMA4_DMA20_IRQHandler
 .text.DMA5_DMA21_IRQHandler
                0x00004744        0x8 ./startup/startup_mk66f18.o
                0x00004744                DMA5_DMA21_IRQHandler
 .text.DMA6_DMA22_IRQHandler
                0x0000474c        0x8 ./startup/startup_mk66f18.o
                0x0000474c                DMA6_DMA22_IRQHandler
 .text.DMA7_DMA23_IRQHandler
                0x00004754        0x8 ./startup/startup_mk66f18.o
                0x00004754                DMA7_DMA23_IRQHandler
 .text.DMA8_DMA24_IRQHandler
                0x0000475c        0x8 ./startup/startup_mk66f18.o
                0x0000475c                DMA8_DMA24_IRQHandler
 .text.DMA9_DMA25_IRQHandler
                0x00004764        0x8 ./startup/startup_mk66f18.o
                0x00004764                DMA9_DMA25_IRQHandler
 .text.DMA10_DMA26_IRQHandler
                0x0000476c        0x8 ./startup/startup_mk66f18.o
                0x0000476c                DMA10_DMA26_IRQHandler
 .text.DMA11_DMA27_IRQHandler
                0x00004774        0x8 ./startup/startup_mk66f18.o
                0x00004774                DMA11_DMA27_IRQHandler
 .text.DMA12_DMA28_IRQHandler
                0x0000477c        0x8 ./startup/startup_mk66f18.o
                0x0000477c                DMA12_DMA28_IRQHandler
 .text.DMA13_DMA29_IRQHandler
                0x00004784        0x8 ./startup/startup_mk66f18.o
                0x00004784                DMA13_DMA29_IRQHandler
 .text.DMA14_DMA30_IRQHandler
                0x0000478c        0x8 ./startup/startup_mk66f18.o
                0x0000478c                DMA14_DMA30_IRQHandler
 .text.DMA15_DMA31_IRQHandler
                0x00004794        0x8 ./startup/startup_mk66f18.o
                0x00004794                DMA15_DMA31_IRQHandler
 .text.DMA_Error_IRQHandler
                0x0000479c        0x8 ./startup/startup_mk66f18.o
                0x0000479c                DMA_Error_IRQHandler
 .text.MCM_IRQHandler
                0x000047a4        0x8 ./startup/startup_mk66f18.o
                0x000047a4                MCM_IRQHandler
 .text.FTFE_IRQHandler
                0x000047ac        0x8 ./startup/startup_mk66f18.o
                0x000047ac                FTFE_IRQHandler
 .text.Read_Collision_IRQHandler
                0x000047b4        0x8 ./startup/startup_mk66f18.o
                0x000047b4                Read_Collision_IRQHandler
 .text.LVD_LVW_IRQHandler
                0x000047bc        0x8 ./startup/startup_mk66f18.o
                0x000047bc                LVD_LVW_IRQHandler
 .text.LLWU_IRQHandler
                0x000047c4        0x8 ./startup/startup_mk66f18.o
                0x000047c4                LLWU_IRQHandler
 .text.WDOG_EWM_IRQHandler
                0x000047cc        0x8 ./startup/startup_mk66f18.o
                0x000047cc                WDOG_EWM_IRQHandler
 .text.RNG_IRQHandler
                0x000047d4        0x8 ./startup/startup_mk66f18.o
                0x000047d4                RNG_IRQHandler
 .text.I2C0_IRQHandler
                0x000047dc        0x8 ./startup/startup_mk66f18.o
                0x000047dc                I2C0_IRQHandler
 .text.I2C1_IRQHandler
                0x000047e4        0x8 ./startup/startup_mk66f18.o
                0x000047e4                I2C1_IRQHandler
 .text.SPI0_IRQHandler
                0x000047ec        0x8 ./startup/startup_mk66f18.o
                0x000047ec                SPI0_IRQHandler
 .text.SPI1_IRQHandler
                0x000047f4        0x8 ./startup/startup_mk66f18.o
                0x000047f4                SPI1_IRQHandler
 .text.I2S0_Tx_IRQHandler
                0x000047fc        0x8 ./startup/startup_mk66f18.o
                0x000047fc                I2S0_Tx_IRQHandler
 .text.I2S0_Rx_IRQHandler
                0x00004804        0x8 ./startup/startup_mk66f18.o
                0x00004804                I2S0_Rx_IRQHandler
 .text.Reserved46_IRQHandler
                0x0000480c        0x8 ./startup/startup_mk66f18.o
                0x0000480c                Reserved46_IRQHandler
 .text.UART0_RX_TX_IRQHandler
                0x00004814        0x8 ./startup/startup_mk66f18.o
                0x00004814                UART0_RX_TX_IRQHandler
 .text.UART0_ERR_IRQHandler
                0x0000481c        0x8 ./startup/startup_mk66f18.o
                0x0000481c                UART0_ERR_IRQHandler
 .text.UART1_RX_TX_IRQHandler
                0x00004824        0x8 ./startup/startup_mk66f18.o
                0x00004824                UART1_RX_TX_IRQHandler
 .text.UART1_ERR_IRQHandler
                0x0000482c        0x8 ./startup/startup_mk66f18.o
                0x0000482c                UART1_ERR_IRQHandler
 .text.UART2_RX_TX_IRQHandler
                0x00004834        0x8 ./startup/startup_mk66f18.o
                0x00004834                UART2_RX_TX_IRQHandler
 .text.UART2_ERR_IRQHandler
                0x0000483c        0x8 ./startup/startup_mk66f18.o
                0x0000483c                UART2_ERR_IRQHandler
 .text.UART3_RX_TX_IRQHandler
                0x00004844        0x8 ./startup/startup_mk66f18.o
                0x00004844                UART3_RX_TX_IRQHandler
 .text.UART3_ERR_IRQHandler
                0x0000484c        0x8 ./startup/startup_mk66f18.o
                0x0000484c                UART3_ERR_IRQHandler
 .text.ADC0_IRQHandler
                0x00004854        0x8 ./startup/startup_mk66f18.o
                0x00004854                ADC0_IRQHandler
 .text.CMP0_IRQHandler
                0x0000485c        0x8 ./startup/startup_mk66f18.o
                0x0000485c                CMP0_IRQHandler
 .text.CMP1_IRQHandler
                0x00004864        0x8 ./startup/startup_mk66f18.o
                0x00004864                CMP1_IRQHandler
 .text.FTM0_IRQHandler
                0x0000486c        0x8 ./startup/startup_mk66f18.o
                0x0000486c                FTM0_IRQHandler
 .text.FTM1_IRQHandler
                0x00004874        0x8 ./startup/startup_mk66f18.o
                0x00004874                FTM1_IRQHandler
 .text.FTM2_IRQHandler
                0x0000487c        0x8 ./startup/startup_mk66f18.o
                0x0000487c                FTM2_IRQHandler
 .text.CMT_IRQHandler
                0x00004884        0x8 ./startup/startup_mk66f18.o
                0x00004884                CMT_IRQHandler
 .text.RTC_IRQHandler
                0x0000488c        0x8 ./startup/startup_mk66f18.o
                0x0000488c                RTC_IRQHandler
 .text.RTC_Seconds_IRQHandler
                0x00004894        0x8 ./startup/startup_mk66f18.o
                0x00004894                RTC_Seconds_IRQHandler
 .text.PIT0_IRQHandler
                0x0000489c        0x8 ./startup/startup_mk66f18.o
                0x0000489c                PIT0_IRQHandler
 .text.PIT1_IRQHandler
                0x000048a4        0x8 ./startup/startup_mk66f18.o
                0x000048a4                PIT1_IRQHandler
 .text.PIT2_IRQHandler
                0x000048ac        0x8 ./startup/startup_mk66f18.o
                0x000048ac                PIT2_IRQHandler
 .text.PIT3_IRQHandler
                0x000048b4        0x8 ./startup/startup_mk66f18.o
                0x000048b4                PIT3_IRQHandler
 .text.PDB0_IRQHandler
                0x000048bc        0x8 ./startup/startup_mk66f18.o
                0x000048bc                PDB0_IRQHandler
 .text.USB0_IRQHandler
                0x000048c4        0x8 ./startup/startup_mk66f18.o
                0x000048c4                USB0_IRQHandler
 .text.USBDCD_IRQHandler
                0x000048cc        0x8 ./startup/startup_mk66f18.o
                0x000048cc                USBDCD_IRQHandler
 .text.Reserved71_IRQHandler
                0x000048d4        0x8 ./startup/startup_mk66f18.o
                0x000048d4                Reserved71_IRQHandler
 .text.DAC0_IRQHandler
                0x000048dc        0x8 ./startup/startup_mk66f18.o
                0x000048dc                DAC0_IRQHandler
 .text.MCG_IRQHandler
                0x000048e4        0x8 ./startup/startup_mk66f18.o
                0x000048e4                MCG_IRQHandler
 .text.LPTMR0_IRQHandler
                0x000048ec        0x8 ./startup/startup_mk66f18.o
                0x000048ec                LPTMR0_IRQHandler
 .text.PORTB_IRQHandler
                0x000048f4        0x8 ./startup/startup_mk66f18.o
                0x000048f4                PORTB_IRQHandler
 .text.PORTC_IRQHandler
                0x000048fc        0x8 ./startup/startup_mk66f18.o
                0x000048fc                PORTC_IRQHandler
 .text.PORTE_IRQHandler
                0x00004904        0x8 ./startup/startup_mk66f18.o
                0x00004904                PORTE_IRQHandler
 .text.SWI_IRQHandler
                0x0000490c        0x8 ./startup/startup_mk66f18.o
                0x0000490c                SWI_IRQHandler
 .text.SPI2_IRQHandler
                0x00004914        0x8 ./startup/startup_mk66f18.o
                0x00004914                SPI2_IRQHandler
 .text.UART4_RX_TX_IRQHandler
                0x0000491c        0x8 ./startup/startup_mk66f18.o
                0x0000491c                UART4_RX_TX_IRQHandler
 .text.UART4_ERR_IRQHandler
                0x00004924        0x8 ./startup/startup_mk66f18.o
                0x00004924                UART4_ERR_IRQHandler
 .text.Reserved84_IRQHandler
                0x0000492c        0x8 ./startup/startup_mk66f18.o
                0x0000492c                Reserved84_IRQHandler
 .text.Reserved85_IRQHandler
                0x00004934        0x8 ./startup/startup_mk66f18.o
                0x00004934                Reserved85_IRQHandler
 .text.CMP2_IRQHandler
                0x0000493c        0x8 ./startup/startup_mk66f18.o
                0x0000493c                CMP2_IRQHandler
 .text.FTM3_IRQHandler
                0x00004944        0x8 ./startup/startup_mk66f18.o
                0x00004944                FTM3_IRQHandler
 .text.DAC1_IRQHandler
                0x0000494c        0x8 ./startup/startup_mk66f18.o
                0x0000494c                DAC1_IRQHandler
 .text.ADC1_IRQHandler
                0x00004954        0x8 ./startup/startup_mk66f18.o
                0x00004954                ADC1_IRQHandler
 .text.I2C2_IRQHandler
                0x0000495c        0x8 ./startup/startup_mk66f18.o
                0x0000495c                I2C2_IRQHandler
 .text.CAN0_ORed_Message_buffer_IRQHandler
                0x00004964        0x8 ./startup/startup_mk66f18.o
                0x00004964                CAN0_ORed_Message_buffer_IRQHandler
 .text.CAN0_Bus_Off_IRQHandler
                0x0000496c        0x8 ./startup/startup_mk66f18.o
                0x0000496c                CAN0_Bus_Off_IRQHandler
 .text.CAN0_Error_IRQHandler
                0x00004974        0x8 ./startup/startup_mk66f18.o
                0x00004974                CAN0_Error_IRQHandler
 .text.CAN0_Tx_Warning_IRQHandler
                0x0000497c        0x8 ./startup/startup_mk66f18.o
                0x0000497c                CAN0_Tx_Warning_IRQHandler
 .text.CAN0_Rx_Warning_IRQHandler
                0x00004984        0x8 ./startup/startup_mk66f18.o
                0x00004984                CAN0_Rx_Warning_IRQHandler
 .text.CAN0_Wake_Up_IRQHandler
                0x0000498c        0x8 ./startup/startup_mk66f18.o
                0x0000498c                CAN0_Wake_Up_IRQHandler
 .text.SDHC_IRQHandler
                0x00004994        0x8 ./startup/startup_mk66f18.o
                0x00004994                SDHC_IRQHandler
 .text.ENET_1588_Timer_IRQHandler
                0x0000499c        0x8 ./startup/startup_mk66f18.o
                0x0000499c                ENET_1588_Timer_IRQHandler
 .text.ENET_Transmit_IRQHandler
                0x000049a4        0x8 ./startup/startup_mk66f18.o
                0x000049a4                ENET_Transmit_IRQHandler
 .text.ENET_Receive_IRQHandler
                0x000049ac        0x8 ./startup/startup_mk66f18.o
                0x000049ac                ENET_Receive_IRQHandler
 .text.ENET_Error_IRQHandler
                0x000049b4        0x8 ./startup/startup_mk66f18.o
                0x000049b4                ENET_Error_IRQHandler
 .text.LPUART0_IRQHandler
                0x000049bc        0x8 ./startup/startup_mk66f18.o
                0x000049bc                LPUART0_IRQHandler
 .text.TSI0_IRQHandler
                0x000049c4        0x8 ./startup/startup_mk66f18.o
                0x000049c4                TSI0_IRQHandler
 .text.TPM1_IRQHandler
                0x000049cc        0x8 ./startup/startup_mk66f18.o
                0x000049cc                TPM1_IRQHandler
 .text.TPM2_IRQHandler
                0x000049d4        0x8 ./startup/startup_mk66f18.o
                0x000049d4                TPM2_IRQHandler
 .text.USBHSDCD_IRQHandler
                0x000049dc        0x8 ./startup/startup_mk66f18.o
                0x000049dc                USBHSDCD_IRQHandler
 .text.I2C3_IRQHandler
                0x000049e4        0x8 ./startup/startup_mk66f18.o
                0x000049e4                I2C3_IRQHandler
 .text.CMP3_IRQHandler
                0x000049ec        0x8 ./startup/startup_mk66f18.o
                0x000049ec                CMP3_IRQHandler
 .text.USBHS_IRQHandler
                0x000049f4        0x8 ./startup/startup_mk66f18.o
                0x000049f4                USBHS_IRQHandler
 .text.CAN1_ORed_Message_buffer_IRQHandler
                0x000049fc        0x8 ./startup/startup_mk66f18.o
                0x000049fc                CAN1_ORed_Message_buffer_IRQHandler
 .text.CAN1_Bus_Off_IRQHandler
                0x00004a04        0x8 ./startup/startup_mk66f18.o
                0x00004a04                CAN1_Bus_Off_IRQHandler
 .text.CAN1_Error_IRQHandler
                0x00004a0c        0x8 ./startup/startup_mk66f18.o
                0x00004a0c                CAN1_Error_IRQHandler
 .text.CAN1_Tx_Warning_IRQHandler
                0x00004a14        0x8 ./startup/startup_mk66f18.o
                0x00004a14                CAN1_Tx_Warning_IRQHandler
 .text.CAN1_Rx_Warning_IRQHandler
                0x00004a1c        0x8 ./startup/startup_mk66f18.o
                0x00004a1c                CAN1_Rx_Warning_IRQHandler
 .text.CAN1_Wake_Up_IRQHandler
                0x00004a24        0x8 ./startup/startup_mk66f18.o
                0x00004a24                CAN1_Wake_Up_IRQHandler
 .text.CLOCK_EnableClock
                0x00004a2c       0x34 ./source/GPIO.o
 .text.EnableIRQ
                0x00004a60       0x32 ./source/GPIO.o
 .text.PORT_SetPinMux
                0x00004a92       0x3a ./source/GPIO.o
 .text.PORT_SetPinInterruptConfig
                0x00004acc       0x3a ./source/GPIO.o
 .text.NVIC_enable_interrupt_and_priotity
                0x00004b06       0x30 ./source/NVIC.o
                0x00004b06                NVIC_enable_interrupt_and_priotity
 .text.NVIC_set_basepri_threshold
                0x00004b36       0x24 ./source/NVIC.o
                0x00004b36                NVIC_set_basepri_threshold
 .text.GPIO_PinWrite
                0x00004b5a       0x36 ./source/freertos_hello.o
 .text.PORT_GetPinsInterruptFlags
                0x00004b90       0x1a ./source/freertos_hello.o
 .text.PORT_ClearPinsInterruptFlags
                0x00004baa       0x1e ./source/freertos_hello.o
 .text.PORTD_IRQHandler
                0x00004bc8        0xc ./source/freertos_hello.o
                0x00004bc8                PORTD_IRQHandler
 .text.PORTA_IRQHandler
                0x00004bd4        0xc ./source/freertos_hello.o
                0x00004bd4                PORTA_IRQHandler
 .text.HardFault_Handler
                0x00004be0       0x36 ./source/semihost_hardfault.o
                0x00004be0                HardFault_Handler
 .text.vListInitialise
                0x00004c16       0x40 ./freertos/freertos_kernel/list.o
                0x00004c16                vListInitialise
 .text.vListInitialiseItem
                0x00004c56       0x1a ./freertos/freertos_kernel/list.o
                0x00004c56                vListInitialiseItem
 .text.vListInsertEnd
                0x00004c70       0x48 ./freertos/freertos_kernel/list.o
                0x00004c70                vListInsertEnd
 .text.vListInsert
                0x00004cb8       0x72 ./freertos/freertos_kernel/list.o
                0x00004cb8                vListInsert
 .text.uxListRemove
                0x00004d2a       0x54 ./freertos/freertos_kernel/list.o
                0x00004d2a                uxListRemove
 .text.xQueueGenericCreate
                0x00004d7e       0xbe ./freertos/freertos_kernel/queue.o
                0x00004d7e                xQueueGenericCreate
 .text.prvInitialiseNewQueue
                0x00004e3c       0x46 ./freertos/freertos_kernel/queue.o
 .text.xQueueCreateCountingSemaphore
                0x00004e82       0x66 ./freertos/freertos_kernel/queue.o
                0x00004e82                xQueueCreateCountingSemaphore
 .text.xQueueGenericSendFromISR
                0x00004ee8      0x154 ./freertos/freertos_kernel/queue.o
                0x00004ee8                xQueueGenericSendFromISR
 .text.xQueueGiveFromISR
                0x0000503c      0x138 ./freertos/freertos_kernel/queue.o
                0x0000503c                xQueueGiveFromISR
 .text.prvGetDisinheritPriorityAfterTimeout
                0x00005174       0x30 ./freertos/freertos_kernel/queue.o
 .text.prvCopyDataToQueue
                0x000051a4       0xd4 ./freertos/freertos_kernel/queue.o
 .text.prvCopyDataFromQueue
                0x00005278       0x4c ./freertos/freertos_kernel/queue.o
 .text.prvUnlockQueue
                0x000052c4       0xa4 ./freertos/freertos_kernel/queue.o
 .text.prvIsQueueEmpty
                0x00005368       0x2c ./freertos/freertos_kernel/queue.o
 .text.prvIsQueueFull
                0x00005394       0x30 ./freertos/freertos_kernel/queue.o
 .text.vQueueWaitForMessageRestricted
                0x000053c4       0x68 ./freertos/freertos_kernel/queue.o
                0x000053c4                vQueueWaitForMessageRestricted
 .text.xTaskCreate
                0x0000542c       0x82 ./freertos/freertos_kernel/tasks.o
                0x0000542c                xTaskCreate
 .text.prvInitialiseNewTask
                0x000054ae      0x13a ./freertos/freertos_kernel/tasks.o
 .text.prvDeleteTCB
                0x000055e8       0x20 ./freertos/freertos_kernel/tasks.o
 .text.prvTimerTask
                0x00005608       0x24 ./freertos/freertos_kernel/timers.o
 .text.OSC_SetExtRefClkConfig
                0x0000562c       0x40 ./drivers/fsl_clock.o
 .text.OSC_SetCapLoad
                0x0000566c       0x34 ./drivers/fsl_clock.o
 .text.CLOCK_GetPll0RefFreq
                0x000056a0        0xe ./drivers/fsl_clock.o
 .text.GPIO_PinWrite
                0x000056ae       0x36 ./drivers/fsl_gpio.o
 .text.CLOCK_EnableClock
                0x000056e4       0x34 ./drivers/fsl_uart.o
 .text.UART_WriteBlocking
                0x00005718       0x50 ./drivers/fsl_uart.o
                0x00005718                UART_WriteBlocking
 .text.UART0_RX_TX_DriverIRQHandler
                0x00005768       0x12 ./drivers/fsl_uart.o
                0x00005768                UART0_RX_TX_DriverIRQHandler
 .text.UART1_RX_TX_DriverIRQHandler
                0x0000577a       0x12 ./drivers/fsl_uart.o
                0x0000577a                UART1_RX_TX_DriverIRQHandler
 .text.UART2_RX_TX_DriverIRQHandler
                0x0000578c       0x12 ./drivers/fsl_uart.o
                0x0000578c                UART2_RX_TX_DriverIRQHandler
 .text.UART3_RX_TX_DriverIRQHandler
                0x0000579e       0x12 ./drivers/fsl_uart.o
                0x0000579e                UART3_RX_TX_DriverIRQHandler
 .text.UART4_RX_TX_DriverIRQHandler
                0x000057b0       0x12 ./drivers/fsl_uart.o
                0x000057b0                UART4_RX_TX_DriverIRQHandler
 .text.SystemInitHook
                0x000057c2        0xe ./device/system_MK66F18.o
                0x000057c2                SystemInitHook
 .text.HAL_UartGetStatus
                0x000057d0       0x22 ./component/uart/fsl_adapter_uart.o
 .text.DisableGlobalIRQ
                0x000057f2       0x22 ./component/serial_manager/fsl_component_serial_manager.o
 .text.EnableGlobalIRQ
                0x00005814       0x20 ./component/serial_manager/fsl_component_serial_manager.o
 .text.SerialManager_StartWriting
                0x00005834       0x38 ./component/serial_manager/fsl_component_serial_manager.o
 .text.SerialManager_Write
                0x0000586c       0x44 ./component/serial_manager/fsl_component_serial_manager.o
 .text.SerialManager_Init
                0x000058b0       0x60 ./component/serial_manager/fsl_component_serial_manager.o
                0x000058b0                SerialManager_Init
 .text.SerialManager_OpenWriteHandle
                0x00005910       0x50 ./component/serial_manager/fsl_component_serial_manager.o
                0x00005910                SerialManager_OpenWriteHandle
 .text.SerialManager_OpenReadHandle
                0x00005960       0x60 ./component/serial_manager/fsl_component_serial_manager.o
                0x00005960                SerialManager_OpenReadHandle
 .text.SerialManager_WriteBlocking
                0x000059c0       0x20 ./component/serial_manager/fsl_component_serial_manager.o
                0x000059c0                SerialManager_WriteBlocking
 .text.Serial_UartInit
                0x000059e0       0x3e ./component/serial_manager/fsl_component_serial_port_uart.o
                0x000059e0                Serial_UartInit
 .text.Serial_UartWrite
                0x00005a1e       0x38 ./component/serial_manager/fsl_component_serial_port_uart.o
                0x00005a1e                Serial_UartWrite
 .text.BOARD_InitDebugConsole
                0x00005a56       0x22 ./board/board.o
                0x00005a56                BOARD_InitDebugConsole
 .text.BOARD_InitBootClocks
                0x00005a78        0xc ./board/clock_config.o
                0x00005a78                BOARD_InitBootClocks
 .text.__main   0x00005a84        0xe C:/nxp/MCUXpressoIDE_11.10.0_3148/ide/plugins/com.nxp.mcuxpresso.tools.win32_11.10.0.202311280810/tools/bin/../lib/gcc/arm-none-eabi/13.2.1/../../../../arm-none-eabi/lib/thumb/v7e-m+fp/hard\libcr_nohost_nf.a(_cr__main.o)
                0x00005a84                __main
 .text.memcpy   0x00005a92        0x4 C:/nxp/MCUXpressoIDE_11.10.0_3148/ide/plugins/com.nxp.mcuxpresso.tools.win32_11.10.0.202311280810/tools/bin/../lib/gcc/arm-none-eabi/13.2.1/../../../../arm-none-eabi/lib/thumb/v7e-m+fp/hard\libcr_c.a(memcpy.o)
                0x00005a92                memcpy
 .text.memset   0x00005a96        0x4 C:/nxp/MCUXpressoIDE_11.10.0_3148/ide/plugins/com.nxp.mcuxpresso.tools.win32_11.10.0.202311280810/tools/bin/../lib/gcc/arm-none-eabi/13.2.1/../../../../arm-none-eabi/lib/thumb/v7e-m+fp/hard\libcr_c.a(memset.o)
                0x00005a96                memset
 .text.free     0x00005a9a       0x30 C:/nxp/MCUXpressoIDE_11.10.0_3148/ide/plugins/com.nxp.mcuxpresso.tools.win32_11.10.0.202311280810/tools/bin/../lib/gcc/arm-none-eabi/13.2.1/../../../../arm-none-eabi/lib/thumb/v7e-m+fp/hard\libcr_c.a(alloc.o)
                0x00005a9a                free
 .text.setvbuf  0x00005aca       0x3e C:/nxp/MCUXpressoIDE_11.10.0_3148/ide/plugins/com.nxp.mcuxpresso.tools.win32_11.10.0.202311280810/tools/bin/../lib/gcc/arm-none-eabi/13.2.1/../../../../arm-none-eabi/lib/thumb/v7e-m+fp/hard\libcr_c.a(setvbuf.o)
                0x00005aca                setvbuf
 .text.strlen   0x00005b08       0x4e C:/nxp/MCUXpressoIDE_11.10.0_3148/ide/plugins/com.nxp.mcuxpresso.tools.win32_11.10.0.202311280810/tools/bin/../lib/gcc/arm-none-eabi/13.2.1/../../../../arm-none-eabi/lib/thumb/v7e-m+fp/hard\libcr_c.a(strlen.o)
                0x00005b08                strlen
 .text._deferredlazyseek
                0x00005b56       0x40 C:/nxp/MCUXpressoIDE_11.10.0_3148/ide/plugins/com.nxp.mcuxpresso.tools.win32_11.10.0.202311280810/tools/bin/../lib/gcc/arm-none-eabi/13.2.1/../../../../arm-none-eabi/lib/thumb/v7e-m+fp/hard\libcr_c.a(_deferredlazyseek.o)
                0x00005b56                _deferredlazyseek
 .text._fdopen  0x00005b96       0x68 C:/nxp/MCUXpressoIDE_11.10.0_3148/ide/plugins/com.nxp.mcuxpresso.tools.win32_11.10.0.202311280810/tools/bin/../lib/gcc/arm-none-eabi/13.2.1/../../../../arm-none-eabi/lib/thumb/v7e-m+fp/hard\libcr_c.a(_fdopen.o)
                0x00005b96                _fdopen
 .text._fflush  0x00005bfe       0x52 C:/nxp/MCUXpressoIDE_11.10.0_3148/ide/plugins/com.nxp.mcuxpresso.tools.win32_11.10.0.202311280810/tools/bin/../lib/gcc/arm-none-eabi/13.2.1/../../../../arm-none-eabi/lib/thumb/v7e-m+fp/hard\libcr_c.a(_fflush.o)
                0x00005bfe                _fflush
 .text.fclose   0x00005c50       0x58 C:/nxp/MCUXpressoIDE_11.10.0_3148/ide/plugins/com.nxp.mcuxpresso.tools.win32_11.10.0.202311280810/tools/bin/../lib/gcc/arm-none-eabi/13.2.1/../../../../arm-none-eabi/lib/thumb/v7e-m+fp/hard\libcr_c.a(fclose.o)
                0x00005c50                fclose
 .text.remove   0x00005ca8       0x14 C:/nxp/MCUXpressoIDE_11.10.0_3148/ide/plugins/com.nxp.mcuxpresso.tools.win32_11.10.0.202311280810/tools/bin/../lib/gcc/arm-none-eabi/13.2.1/../../../../arm-none-eabi/lib/thumb/v7e-m+fp/hard\libcr_c.a(remove.o)
                0x00005ca8                remove
 .text._do_fflush
                0x00005cbc       0x40 C:/nxp/MCUXpressoIDE_11.10.0_3148/ide/plugins/com.nxp.mcuxpresso.tools.win32_11.10.0.202311280810/tools/bin/../lib/gcc/arm-none-eabi/13.2.1/../../../../arm-none-eabi/lib/thumb/v7e-m+fp/hard\libcr_c.a(_do_fflush.o)
                0x00005cbc                _do_fflush
 .text.__aeabi_memcpy
                0x00005cfc       0x34 C:/nxp/MCUXpressoIDE_11.10.0_3148/ide/plugins/com.nxp.mcuxpresso.tools.win32_11.10.0.202311280810/tools/bin/../lib/gcc/arm-none-eabi/13.2.1/thumb/v7e-m+fp/hard\libcr_eabihelpers.a(memcpy.o)
                0x00005cfc                __aeabi_memcpy
                0x00005d06                __aeabi_memcpy8
                0x00005d06                __aeabi_memcpy4
 .text.__aeabi_memset_lowlevel
                0x00005d30       0x32 C:/nxp/MCUXpressoIDE_11.10.0_3148/ide/plugins/com.nxp.mcuxpresso.tools.win32_11.10.0.202311280810/tools/bin/../lib/gcc/arm-none-eabi/13.2.1/thumb/v7e-m+fp/hard\libcr_eabihelpers.a(memcpy.o)
                0x00005d30                __aeabi_lowlevel_memset
 .text.__sys_close
                0x00005d62        0x6 C:/nxp/MCUXpressoIDE_11.10.0_3148/ide/plugins/com.nxp.mcuxpresso.tools.win32_11.10.0.202311280810/tools/bin/../lib/gcc/arm-none-eabi/13.2.1/../../../../arm-none-eabi/lib/thumb/v7e-m+fp/hard\libcr_nohost_nf.a(__sys_close.o)
                0x00005d62                __sys_close
 .text.__sys_flen
                0x00005d68        0x6 C:/nxp/MCUXpressoIDE_11.10.0_3148/ide/plugins/com.nxp.mcuxpresso.tools.win32_11.10.0.202311280810/tools/bin/../lib/gcc/arm-none-eabi/13.2.1/../../../../arm-none-eabi/lib/thumb/v7e-m+fp/hard\libcr_nohost_nf.a(__sys_flen.o)
                0x00005d68                __sys_flen
 .text.__sys_istty
                0x00005d6e        0x6 C:/nxp/MCUXpressoIDE_11.10.0_3148/ide/plugins/com.nxp.mcuxpresso.tools.win32_11.10.0.202311280810/tools/bin/../lib/gcc/arm-none-eabi/13.2.1/../../../../arm-none-eabi/lib/thumb/v7e-m+fp/hard\libcr_nohost_nf.a(__sys_istty.o)
                0x00005d6e                __sys_istty
 .text.__sys_remove
                0x00005d74        0x6 C:/nxp/MCUXpressoIDE_11.10.0_3148/ide/plugins/com.nxp.mcuxpresso.tools.win32_11.10.0.202311280810/tools/bin/../lib/gcc/arm-none-eabi/13.2.1/../../../../arm-none-eabi/lib/thumb/v7e-m+fp/hard\libcr_nohost_nf.a(__sys_remove.o)
                0x00005d74                __sys_remove
 .text.__sys_seek
                0x00005d7a        0x6 C:/nxp/MCUXpressoIDE_11.10.0_3148/ide/plugins/com.nxp.mcuxpresso.tools.win32_11.10.0.202311280810/tools/bin/../lib/gcc/arm-none-eabi/13.2.1/../../../../arm-none-eabi/lib/thumb/v7e-m+fp/hard\libcr_nohost_nf.a(__sys_seek.o)
                0x00005d7a                __sys_seek
 .text.__sys_tmpnam
                0x00005d80        0x6 C:/nxp/MCUXpressoIDE_11.10.0_3148/ide/plugins/com.nxp.mcuxpresso.tools.win32_11.10.0.202311280810/tools/bin/../lib/gcc/arm-none-eabi/13.2.1/../../../../arm-none-eabi/lib/thumb/v7e-m+fp/hard\libcr_nohost_nf.a(__sys_tmpnam.o)
                0x00005d80                __sys_tmpnam
 .text.__sys_write
                0x00005d86        0x4 C:/nxp/MCUXpressoIDE_11.10.0_3148/ide/plugins/com.nxp.mcuxpresso.tools.win32_11.10.0.202311280810/tools/bin/../lib/gcc/arm-none-eabi/13.2.1/../../../../arm-none-eabi/lib/thumb/v7e-m+fp/hard\libcr_nohost_nf.a(__sys_write.o)
                0x00005d86                __sys_write
 *freertos*/tasks.o(SORT_BY_ALIGNMENT(.rodata*))
 *fill*         0x00005d8a        0x2 ff
 .rodata.uxTopUsedPriority
                0x00005d8c        0x4 ./freertos/freertos_kernel/tasks.o
                0x00005d8c                uxTopUsedPriority
 .rodata.vTaskStartScheduler.str1.4
                0x00005d90        0x5 ./freertos/freertos_kernel/tasks.o
 *(SORT_BY_ALIGNMENT(.rodata) SORT_BY_ALIGNMENT(.rodata.*) SORT_BY_ALIGNMENT(.constdata) SORT_BY_ALIGNMENT(.constdata.*))
 .rodata.__assertion_failed.str1.4
                0x00005d90      0x438 ./utilities/fsl_assert.o
                                 0x14 (size before relaxing)
 .rodata.PORT_SetPinConfig.str1.4
                0x000061c8       0x81 ./source/GPIO.o
 .rodata        0x000061c8        0x2 ./source/GPIO.o
 .rodata.main.str1.4
                0x000061ca       0x1a ./source/freertos_hello.o
 .rodata.xTimerCreateTimerTask.str1.4
                0x000061ca        0x8 ./freertos/freertos_kernel/timers.o
 .rodata.prvCheckForValidListAndQueue.str1.4
                0x000061ca        0x5 ./freertos/freertos_kernel/timers.o
 .rodata.CLOCK_GetMcgExtClkFreq.str1.4
                0x000061ca       0x49 ./drivers/fsl_clock.o
 .rodata.CLOCK_GetPll0Freq.str1.4
                0x000061ca       0x1d ./drivers/fsl_clock.o
 .rodata.CLOCK_EnablePll0.str1.4
                0x000061ca       0x1a ./drivers/fsl_clock.o
 .rodata.CLOCK_SetPbeMode.str1.4
                0x000061ca       0x1a ./drivers/fsl_clock.o
 .rodata.CLOCK_BootToPeeMode.str1.4
                0x000061ca       0x1a ./drivers/fsl_clock.o
 *fill*         0x000061ca        0x2 ff
 .rodata.fllFactorTable.1
                0x000061cc       0x10 ./drivers/fsl_clock.o
 .rodata.GPIO_PinInit.str1.4
                0x000061dc       0x20 ./drivers/fsl_gpio.o
 .rodata.s_uartBases
                0x000061dc       0x14 ./drivers/fsl_uart.o
 .rodata.s_uartClock
                0x000061f0       0x14 ./drivers/fsl_uart.o
 .rodata.UART_GetInstance.str1.4
                0x00006204       0x2b ./drivers/fsl_uart.o
 .rodata.UART_Init.str1.4
                0x00006204       0xfb ./drivers/fsl_uart.o
 .rodata.UART_GetDefaultConfig.str1.4
                0x00006204       0x20 ./drivers/fsl_uart.o
 .rodata.s_UartAdapterBase
                0x00006204       0x14 ./component/uart/fsl_adapter_uart.o
 .rodata.HAL_UartInit.str1.4
                0x00006218       0xdd ./component/uart/fsl_adapter_uart.o
 .rodata.HAL_UartSendBlocking.str1.4
                0x00006218       0x60 ./component/uart/fsl_adapter_uart.o
 .rodata.mcgConfig_BOARD_BootClockRUN
                0x00006218        0xc ./board/clock_config.o
                0x00006218                mcgConfig_BOARD_BootClockRUN
 .rodata.simConfig_BOARD_BootClockRUN
                0x00006224        0x8 ./board/clock_config.o
                0x00006224                simConfig_BOARD_BootClockRUN
 .rodata.oscConfig_BOARD_BootClockRUN
                0x0000622c        0x8 ./board/clock_config.o
                0x0000622c                oscConfig_BOARD_BootClockRUN
 .rodata.__num_Ciob_streams
                0x00006234        0x4 C:/nxp/MCUXpressoIDE_11.10.0_3148/ide/plugins/com.nxp.mcuxpresso.tools.win32_11.10.0.202311280810/tools/bin/../lib/gcc/arm-none-eabi/13.2.1/../../../../arm-none-eabi/lib/thumb/v7e-m+fp/hard\libcr_nohost_nf.a(__ciob.o)
                0x00006234                __num_Ciob_streams
 .rodata._initio.str1.1
                0x00006238        0x4 C:/nxp/MCUXpressoIDE_11.10.0_3148/ide/plugins/com.nxp.mcuxpresso.tools.win32_11.10.0.202311280810/tools/bin/../lib/gcc/arm-none-eabi/13.2.1/../../../../arm-none-eabi/lib/thumb/v7e-m+fp/hard\libcr_c.a(initio.o)
                0x00006300                        . = ALIGN (0x8)
 *fill*         0x0000623c        0x4 ff

.glue_7         0x00006240        0x0
 .glue_7        0x00006240        0x0 linker stubs

.glue_7t        0x00006240        0x0
 .glue_7t       0x00006240        0x0 linker stubs

.vfp11_veneer   0x00006240        0x0
 .vfp11_veneer  0x00006240        0x0 linker stubs

.v4_bx          0x00006240        0x0
 .v4_bx         0x00006240        0x0 linker stubs

.iplt           0x00006240        0x0
 .iplt          0x00006240        0x0 ./utilities/fsl_assert.o

.rel.dyn        0x00006240        0x0
 .rel.iplt      0x00006240        0x0 ./utilities/fsl_assert.o

.ARM.extab
 *(SORT_BY_ALIGNMENT(.ARM.extab*) SORT_BY_ALIGNMENT(.gnu.linkonce.armextab.*))

.ARM.exidx      0x00006240        0x0
                0x00006240                        __exidx_start = .
 *(SORT_BY_ALIGNMENT(.ARM.exidx*) SORT_BY_ALIGNMENT(.gnu.linkonce.armexidx.*))
                0x00006240                        __exidx_end = .
                0x00006240                        _etext = .

.m_usb_data
 *(SORT_BY_ALIGNMENT(m_usb_bdt))

.data_RAM2      0x1fff0000        0x0 load address 0x00006240
 FILL mask 0xff
                [!provide]                        PROVIDE (__start_data_RAM2 = .)
                [!provide]                        PROVIDE (__start_data_SRAM_LOWER = .)
 *(SORT_BY_ALIGNMENT(.ramfunc.$RAM2))
 *(SORT_BY_ALIGNMENT(.ramfunc.$SRAM_LOWER))
 *(SORT_BY_ALIGNMENT(NonCacheable.init))
 *(SORT_BY_ALIGNMENT(.data.$RAM2))
 *(SORT_BY_ALIGNMENT(.data.$SRAM_LOWER))
 *(SORT_BY_ALIGNMENT(.data.$RAM2.*))
 *(SORT_BY_ALIGNMENT(.data.$SRAM_LOWER.*))
                0x1fff0000                        . = ALIGN (0x8)
                [!provide]                        PROVIDE (__end_data_RAM2 = .)
                [!provide]                        PROVIDE (__end_data_SRAM_LOWER = .)

.data_RAM3      0x14000000        0x0 load address 0x00006240
 FILL mask 0xff
                [!provide]                        PROVIDE (__start_data_RAM3 = .)
                [!provide]                        PROVIDE (__start_data_FLEX_RAM = .)
 *(SORT_BY_ALIGNMENT(.ramfunc.$RAM3))
 *(SORT_BY_ALIGNMENT(.ramfunc.$FLEX_RAM))
 *(SORT_BY_ALIGNMENT(.data.$RAM3))
 *(SORT_BY_ALIGNMENT(.data.$FLEX_RAM))
 *(SORT_BY_ALIGNMENT(.data.$RAM3.*))
 *(SORT_BY_ALIGNMENT(.data.$FLEX_RAM.*))
                0x14000000                        . = ALIGN (0x8)
                [!provide]                        PROVIDE (__end_data_RAM3 = .)
                [!provide]                        PROVIDE (__end_data_FLEX_RAM = .)

.uninit_RESERVED
                0x20000000        0x0
                0x20000000                        _start_uninit_RESERVED = .
 *(SORT_BY_ALIGNMENT(.bss.$RESERVED*))
                0x20000000                        . = ALIGN (0x8)
                0x20000000                        _end_uninit_RESERVED = .

.data           0x20000000       0x18 load address 0x00006240
 FILL mask 0xff
                0x20000000                        _data = .
                [!provide]                        PROVIDE (__start_data_RAM = .)
                [!provide]                        PROVIDE (__start_data_SRAM_UPPER = .)
 *(SORT_BY_ALIGNMENT(vtable))
 *(SORT_BY_ALIGNMENT(.ramfunc*))
 *(SORT_BY_ALIGNMENT(CodeQuickAccess))
 *(SORT_BY_ALIGNMENT(DataQuickAccess))
 *(SORT_BY_ALIGNMENT(RamFunction))
 *(SORT_BY_ALIGNMENT(.data*))
 .data.available_places
                0x20000000        0x4 ./source/freertos_hello.o
                0x20000000                available_places
 .data.uxCriticalNesting
                0x20000004        0x4 ./freertos/freertos_kernel/portable/GCC/ARM_CM4F/port.o
 .data.s_slowIrcFreq
                0x20000008        0x4 ./drivers/fsl_clock.o
 .data.s_fastIrcFreq
                0x2000000c        0x4 ./drivers/fsl_clock.o
 .data.SystemCoreClock
                0x20000010        0x4 ./device/system_MK66F18.o
                0x20000010                SystemCoreClock
                0x20000018                        . = ALIGN (0x8)
 *fill*         0x20000014        0x4 ff
                0x20000018                        _edata = .
                [!provide]                        PROVIDE (__end_data_RAM = .)
                [!provide]                        PROVIDE (__end_data_SRAM_UPPER = .)

.igot.plt       0x20000018        0x0 load address 0x00006258
 .igot.plt      0x20000018        0x0 ./utilities/fsl_assert.o

.bss_RAM2       0x1fff0000        0x0
                [!provide]                        PROVIDE (__start_bss_RAM2 = .)
                [!provide]                        PROVIDE (__start_bss_SRAM_LOWER = .)
 *(SORT_BY_ALIGNMENT(NonCacheable))
 *(SORT_BY_ALIGNMENT(.bss.$RAM2))
 *(SORT_BY_ALIGNMENT(.bss.$SRAM_LOWER))
 *(SORT_BY_ALIGNMENT(.bss.$RAM2.*))
 *(SORT_BY_ALIGNMENT(.bss.$SRAM_LOWER.*))
                0x1fff0000                        . = ALIGN ((. != 0x0)?0x8:0x1)
                [!provide]                        PROVIDE (__end_bss_RAM2 = .)
                [!provide]                        PROVIDE (__end_bss_SRAM_LOWER = .)

.bss_RAM3       0x14000000        0x0
                [!provide]                        PROVIDE (__start_bss_RAM3 = .)
                [!provide]                        PROVIDE (__start_bss_FLEX_RAM = .)
 *(SORT_BY_ALIGNMENT(.bss.$RAM3))
 *(SORT_BY_ALIGNMENT(.bss.$FLEX_RAM))
 *(SORT_BY_ALIGNMENT(.bss.$RAM3.*))
 *(SORT_BY_ALIGNMENT(.bss.$FLEX_RAM.*))
                0x14000000                        . = ALIGN ((. != 0x0)?0x8:0x1)
                [!provide]                        PROVIDE (__end_bss_RAM3 = .)
                [!provide]                        PROVIDE (__end_bss_FLEX_RAM = .)

.bss            0x20000018     0x2ab8
                0x20000018                        _bss = .
                [!provide]                        PROVIDE (__start_bss_RAM = .)
                [!provide]                        PROVIDE (__start_bss_SRAM_UPPER = .)
 *(SORT_BY_ALIGNMENT(.bss*))
 .bss.s_debugConsoleState
                0x20000018       0x20 ./utilities/fsl_debug_console.o
 .bss.g_serialHandle
                0x20000038        0x4 ./utilities/fsl_debug_console.o
                0x20000038                g_serialHandle
 .bss.xSemaphoreIncome
                0x2000003c        0x4 ./source/freertos_hello.o
                0x2000003c                xSemaphoreIncome
 .bss.xSemaphoreLeave
                0x20000040        0x4 ./source/freertos_hello.o
                0x20000040                xSemaphoreLeave
 .bss.ucHeap    0x20000044     0x2800 ./freertos/freertos_kernel/portable/MemMang/heap_4.o
 .bss.xStart    0x20002844        0x8 ./freertos/freertos_kernel/portable/MemMang/heap_4.o
 .bss.pxEnd     0x2000284c        0x4 ./freertos/freertos_kernel/portable/MemMang/heap_4.o
 .bss.xFreeBytesRemaining
                0x20002850        0x4 ./freertos/freertos_kernel/portable/MemMang/heap_4.o
 .bss.xMinimumEverFreeBytesRemaining
                0x20002854        0x4 ./freertos/freertos_kernel/portable/MemMang/heap_4.o
 .bss.xNumberOfSuccessfulAllocations
                0x20002858        0x4 ./freertos/freertos_kernel/portable/MemMang/heap_4.o
 .bss.xNumberOfSuccessfulFrees
                0x2000285c        0x4 ./freertos/freertos_kernel/portable/MemMang/heap_4.o
 .bss.xBlockAllocatedBit
                0x20002860        0x4 ./freertos/freertos_kernel/portable/MemMang/heap_4.o
 .bss.ulMaxPRIGROUPValue
                0x20002864        0x4 ./freertos/freertos_kernel/portable/GCC/ARM_CM4F/port.o
 .bss.xQueueRegistry
                0x20002868       0x40 ./freertos/freertos_kernel/queue.o
                0x20002868                xQueueRegistry
 .bss.pxCurrentTCB
                0x200028a8        0x4 ./freertos/freertos_kernel/tasks.o
                0x200028a8                pxCurrentTCB
 .bss.pxReadyTasksLists
                0x200028ac       0x64 ./freertos/freertos_kernel/tasks.o
 .bss.xDelayedTaskList1
                0x20002910       0x14 ./freertos/freertos_kernel/tasks.o
 .bss.xDelayedTaskList2
                0x20002924       0x14 ./freertos/freertos_kernel/tasks.o
 .bss.pxDelayedTaskList
                0x20002938        0x4 ./freertos/freertos_kernel/tasks.o
 .bss.pxOverflowDelayedTaskList
                0x2000293c        0x4 ./freertos/freertos_kernel/tasks.o
 .bss.xPendingReadyList
                0x20002940       0x14 ./freertos/freertos_kernel/tasks.o
 .bss.xTasksWaitingTermination
                0x20002954       0x14 ./freertos/freertos_kernel/tasks.o
 .bss.uxDeletedTasksWaitingCleanUp
                0x20002968        0x4 ./freertos/freertos_kernel/tasks.o
 .bss.xSuspendedTaskList
                0x2000296c       0x14 ./freertos/freertos_kernel/tasks.o
 .bss.uxCurrentNumberOfTasks
                0x20002980        0x4 ./freertos/freertos_kernel/tasks.o
 .bss.xTickCount
                0x20002984        0x4 ./freertos/freertos_kernel/tasks.o
 .bss.uxTopReadyPriority
                0x20002988        0x4 ./freertos/freertos_kernel/tasks.o
 .bss.xSchedulerRunning
                0x2000298c        0x4 ./freertos/freertos_kernel/tasks.o
 .bss.xPendedTicks
                0x20002990        0x4 ./freertos/freertos_kernel/tasks.o
 .bss.xYieldPending
                0x20002994        0x4 ./freertos/freertos_kernel/tasks.o
 .bss.xNumOfOverflows
                0x20002998        0x4 ./freertos/freertos_kernel/tasks.o
 .bss.uxTaskNumber
                0x2000299c        0x4 ./freertos/freertos_kernel/tasks.o
 .bss.xNextTaskUnblockTime
                0x200029a0        0x4 ./freertos/freertos_kernel/tasks.o
 .bss.xIdleTaskHandle
                0x200029a4        0x4 ./freertos/freertos_kernel/tasks.o
 .bss.uxSchedulerSuspended
                0x200029a8        0x4 ./freertos/freertos_kernel/tasks.o
 .bss.xActiveTimerList1
                0x200029ac       0x14 ./freertos/freertos_kernel/timers.o
 .bss.xActiveTimerList2
                0x200029c0       0x14 ./freertos/freertos_kernel/timers.o
 .bss.pxCurrentTimerList
                0x200029d4        0x4 ./freertos/freertos_kernel/timers.o
 .bss.pxOverflowTimerList
                0x200029d8        0x4 ./freertos/freertos_kernel/timers.o
 .bss.xTimerQueue
                0x200029dc        0x4 ./freertos/freertos_kernel/timers.o
 .bss.xTimerTaskHandle
                0x200029e0        0x4 ./freertos/freertos_kernel/timers.o
 .bss.xLastTime.0
                0x200029e4        0x4 ./freertos/freertos_kernel/timers.o
 .bss.s_extPllFreq
                0x200029e8        0x4 ./drivers/fsl_clock.o
 .bss.g_xtal0Freq
                0x200029ec        0x4 ./drivers/fsl_clock.o
                0x200029ec                g_xtal0Freq
 .bss.g_xtal32Freq
                0x200029f0        0x4 ./drivers/fsl_clock.o
                0x200029f0                g_xtal32Freq
 .bss.s_lpuartHandle
                0x200029f4        0x4 ./drivers/fsl_lpuart.o
                0x200029f4                s_lpuartHandle
 .bss.s_lpuartIsr
                0x200029f8        0x4 ./drivers/fsl_lpuart.o
                0x200029f8                s_lpuartIsr
 .bss.s_uartHandle
                0x200029fc       0x14 ./drivers/fsl_uart.o
                0x200029fc                s_uartHandle
 .bss.s_uartIsr
                0x20002a10        0x4 ./drivers/fsl_uart.o
                0x20002a10                s_uartIsr
 .bss.errno     0x20002a14        0x4 C:/nxp/MCUXpressoIDE_11.10.0_3148/ide/plugins/com.nxp.mcuxpresso.tools.win32_11.10.0.202311280810/tools/bin/../lib/gcc/arm-none-eabi/13.2.1/../../../../arm-none-eabi/lib/thumb/v7e-m+fp/hard\libcr_c.a(errno.o)
                0x20002a14                errno
 .bss.__Ciob    0x20002a18       0xb4 C:/nxp/MCUXpressoIDE_11.10.0_3148/ide/plugins/com.nxp.mcuxpresso.tools.win32_11.10.0.202311280810/tools/bin/../lib/gcc/arm-none-eabi/13.2.1/../../../../arm-none-eabi/lib/thumb/v7e-m+fp/hard\libcr_nohost_nf.a(__ciob.o)
                0x20002a18                __Ciob
 .bss.s_debugConsoleReadWaitSemaphore
                0x20002acc        0x1 ./utilities/fsl_debug_console.o
 .bss.ucMaxSysCallPriority
                0x20002acd        0x1 ./freertos/freertos_kernel/portable/GCC/ARM_CM4F/port.o
 *(SORT_BY_ALIGNMENT(COMMON))
                0x20002ad0                        . = ALIGN (0x8)
 *fill*         0x20002ace        0x2 
                0x20002ad0                        _ebss = .
                [!provide]                        PROVIDE (__end_bss_RAM = .)
                [!provide]                        PROVIDE (__end_bss_SRAM_UPPER = .)
                [!provide]                        PROVIDE (end = .)

.noinit_RAM2    0x1fff0000        0x0
                [!provide]                        PROVIDE (__start_noinit_RAM2 = .)
                [!provide]                        PROVIDE (__start_noinit_SRAM_LOWER = .)
 *(SORT_BY_ALIGNMENT(.noinit.$RAM2))
 *(SORT_BY_ALIGNMENT(.noinit.$SRAM_LOWER))
 *(SORT_BY_ALIGNMENT(.noinit.$RAM2.*))
 *(SORT_BY_ALIGNMENT(.noinit.$SRAM_LOWER.*))
                0x1fff0000                        . = ALIGN (0x8)
                [!provide]                        PROVIDE (__end_noinit_RAM2 = .)
                [!provide]                        PROVIDE (__end_noinit_SRAM_LOWER = .)

.noinit_RAM3    0x14000000        0x0
                [!provide]                        PROVIDE (__start_noinit_RAM3 = .)
                [!provide]                        PROVIDE (__start_noinit_FLEX_RAM = .)
 *(SORT_BY_ALIGNMENT(.noinit.$RAM3))
 *(SORT_BY_ALIGNMENT(.noinit.$FLEX_RAM))
 *(SORT_BY_ALIGNMENT(.noinit.$RAM3.*))
 *(SORT_BY_ALIGNMENT(.noinit.$FLEX_RAM.*))
                0x14000000                        . = ALIGN (0x8)
                [!provide]                        PROVIDE (__end_noinit_RAM3 = .)
                [!provide]                        PROVIDE (__end_noinit_FLEX_RAM = .)

.noinit         0x20002ad0        0x0
                0x20002ad0                        _noinit = .
                [!provide]                        PROVIDE (__start_noinit_RAM = .)
                [!provide]                        PROVIDE (__start_noinit_SRAM_UPPER = .)
 *(SORT_BY_ALIGNMENT(.noinit*))
                0x20002ad0                        . = ALIGN (0x8)
                0x20002ad0                        _end_noinit = .
                [!provide]                        PROVIDE (__end_noinit_RAM = .)
                [!provide]                        PROVIDE (__end_noinit_SRAM_UPPER = .)
                0x00001000                        _HeapSize = 0x1000

.heap           0x20002ad0     0x1000
                0x20002ad0                        _pvHeapStart = .
                0x20003ad0                        . = (. + _HeapSize)
 *fill*         0x20002ad0     0x1000 
                0x20003ad0                        . = ALIGN (0x8)
                0x20003ad0                        _pvHeapLimit = .
                0x00001000                        _StackSize = 0x1000

.heap2stackfill
                0x20003ad0     0x1000
                0x20004ad0                        . = (. + _StackSize)
 *fill*         0x20003ad0     0x1000 

.stack          0x2002f000        0x0
                0x2002f000                        _vStackBase = .
                0x2002f000                        . = ALIGN (0x8)
                0x20030000                        _vStackTop = (. + _StackSize)
                0x00000000                        _image_start = LOADADDR (.text)
                0x00006258                        _image_end = (LOADADDR (.data) + SIZEOF (.data))
                0x00006258                        _image_size = (_image_end - _image_start)
OUTPUT(T4_sem_freertos_hello.axf elf32-littlearm)
LOAD linker stubs

.debug_info     0x00000000    0x1722f
 .debug_info    0x00000000       0xcc ./utilities/fsl_assert.o
 .debug_info    0x000000cc      0xdd0 ./utilities/fsl_debug_console.o
 .debug_info    0x00000e9c      0xb80 ./utilities/fsl_str.o
 .debug_info    0x00001a1c      0xe97 ./startup/startup_mk66f18.o
 .debug_info    0x000028b3      0xff5 ./source/GPIO.o
 .debug_info    0x000038a8      0x9c0 ./source/NVIC.o
 .debug_info    0x00004268      0x83b ./source/freertos_hello.o
 .debug_info    0x00004aa3       0x3c ./source/semihost_hardfault.o
 .debug_info    0x00004adf      0x4f3 ./freertos/freertos_kernel/portable/MemMang/heap_4.o
 .debug_info    0x00004fd2      0x4ef ./freertos/freertos_kernel/portable/GCC/ARM_CM4F/port.o
 .debug_info    0x000054c1      0x2be ./freertos/freertos_kernel/list.o
 .debug_info    0x0000577f     0x18e4 ./freertos/freertos_kernel/queue.o
 .debug_info    0x00007063     0x22bb ./freertos/freertos_kernel/tasks.o
 .debug_info    0x0000931e     0x1082 ./freertos/freertos_kernel/timers.o
 .debug_info    0x0000a3a0     0x296f ./drivers/fsl_clock.o
 .debug_info    0x0000cd0f      0x6bb ./drivers/fsl_gpio.o
 .debug_info    0x0000d3ca     0x1e86 ./drivers/fsl_lpuart.o
 .debug_info    0x0000f250     0x20dd ./drivers/fsl_uart.o
 .debug_info    0x0001132d      0xa4e ./device/system_MK66F18.o
 .debug_info    0x00011d7b      0xbf0 ./component/uart/fsl_adapter_uart.o
 .debug_info    0x0001296b      0x9c9 ./component/serial_manager/fsl_component_serial_manager.o
 .debug_info    0x00013334      0x537 ./component/serial_manager/fsl_component_serial_port_uart.o
 .debug_info    0x0001386b      0x152 ./board/board.o
 .debug_info    0x000139bd      0xdfb ./board/clock_config.o
 .debug_info    0x000147b8       0x85 C:/nxp/MCUXpressoIDE_11.10.0_3148/ide/plugins/com.nxp.mcuxpresso.tools.win32_11.10.0.202311280810/tools/bin/../lib/gcc/arm-none-eabi/13.2.1/../../../../arm-none-eabi/lib/thumb/v7e-m+fp/hard\libcr_nohost_nf.a(_cr__main.o)
 .debug_info    0x0001483d      0x12b C:/nxp/MCUXpressoIDE_11.10.0_3148/ide/plugins/com.nxp.mcuxpresso.tools.win32_11.10.0.202311280810/tools/bin/../lib/gcc/arm-none-eabi/13.2.1/../../../../arm-none-eabi/lib/thumb/v7e-m+fp/hard\libcr_c.a(memcpy.o)
 .debug_info    0x00014968       0xfc C:/nxp/MCUXpressoIDE_11.10.0_3148/ide/plugins/com.nxp.mcuxpresso.tools.win32_11.10.0.202311280810/tools/bin/../lib/gcc/arm-none-eabi/13.2.1/../../../../arm-none-eabi/lib/thumb/v7e-m+fp/hard\libcr_c.a(memset.o)
 .debug_info    0x00014a64      0x520 C:/nxp/MCUXpressoIDE_11.10.0_3148/ide/plugins/com.nxp.mcuxpresso.tools.win32_11.10.0.202311280810/tools/bin/../lib/gcc/arm-none-eabi/13.2.1/../../../../arm-none-eabi/lib/thumb/v7e-m+fp/hard\libcr_c.a(alloc.o)
 .debug_info    0x00014f84       0x44 C:/nxp/MCUXpressoIDE_11.10.0_3148/ide/plugins/com.nxp.mcuxpresso.tools.win32_11.10.0.202311280810/tools/bin/../lib/gcc/arm-none-eabi/13.2.1/../../../../arm-none-eabi/lib/thumb/v7e-m+fp/hard\libcr_c.a(errno.o)
 .debug_info    0x00014fc8      0x339 C:/nxp/MCUXpressoIDE_11.10.0_3148/ide/plugins/com.nxp.mcuxpresso.tools.win32_11.10.0.202311280810/tools/bin/../lib/gcc/arm-none-eabi/13.2.1/../../../../arm-none-eabi/lib/thumb/v7e-m+fp/hard\libcr_c.a(initio.o)
 .debug_info    0x00015301      0x1fd C:/nxp/MCUXpressoIDE_11.10.0_3148/ide/plugins/com.nxp.mcuxpresso.tools.win32_11.10.0.202311280810/tools/bin/../lib/gcc/arm-none-eabi/13.2.1/../../../../arm-none-eabi/lib/thumb/v7e-m+fp/hard\libcr_c.a(setvbuf.o)
 .debug_info    0x000154fe       0xe1 C:/nxp/MCUXpressoIDE_11.10.0_3148/ide/plugins/com.nxp.mcuxpresso.tools.win32_11.10.0.202311280810/tools/bin/../lib/gcc/arm-none-eabi/13.2.1/../../../../arm-none-eabi/lib/thumb/v7e-m+fp/hard\libcr_c.a(strlen.o)
 .debug_info    0x000155df      0x369 C:/nxp/MCUXpressoIDE_11.10.0_3148/ide/plugins/com.nxp.mcuxpresso.tools.win32_11.10.0.202311280810/tools/bin/../lib/gcc/arm-none-eabi/13.2.1/../../../../arm-none-eabi/lib/thumb/v7e-m+fp/hard\libcr_c.a(_deferredlazyseek.o)
 .debug_info    0x00015948      0x24b C:/nxp/MCUXpressoIDE_11.10.0_3148/ide/plugins/com.nxp.mcuxpresso.tools.win32_11.10.0.202311280810/tools/bin/../lib/gcc/arm-none-eabi/13.2.1/../../../../arm-none-eabi/lib/thumb/v7e-m+fp/hard\libcr_c.a(_fdopen.o)
 .debug_info    0x00015b93      0x1e3 C:/nxp/MCUXpressoIDE_11.10.0_3148/ide/plugins/com.nxp.mcuxpresso.tools.win32_11.10.0.202311280810/tools/bin/../lib/gcc/arm-none-eabi/13.2.1/../../../../arm-none-eabi/lib/thumb/v7e-m+fp/hard\libcr_c.a(_fflush.o)
 .debug_info    0x00015d76      0x289 C:/nxp/MCUXpressoIDE_11.10.0_3148/ide/plugins/com.nxp.mcuxpresso.tools.win32_11.10.0.202311280810/tools/bin/../lib/gcc/arm-none-eabi/13.2.1/../../../../arm-none-eabi/lib/thumb/v7e-m+fp/hard\libcr_c.a(_writebuf.o)
 .debug_info    0x00015fff      0x318 C:/nxp/MCUXpressoIDE_11.10.0_3148/ide/plugins/com.nxp.mcuxpresso.tools.win32_11.10.0.202311280810/tools/bin/../lib/gcc/arm-none-eabi/13.2.1/../../../../arm-none-eabi/lib/thumb/v7e-m+fp/hard\libcr_c.a(fclose.o)
 .debug_info    0x00016317      0x209 C:/nxp/MCUXpressoIDE_11.10.0_3148/ide/plugins/com.nxp.mcuxpresso.tools.win32_11.10.0.202311280810/tools/bin/../lib/gcc/arm-none-eabi/13.2.1/../../../../arm-none-eabi/lib/thumb/v7e-m+fp/hard\libcr_c.a(fflush.o)
 .debug_info    0x00016520      0x276 C:/nxp/MCUXpressoIDE_11.10.0_3148/ide/plugins/com.nxp.mcuxpresso.tools.win32_11.10.0.202311280810/tools/bin/../lib/gcc/arm-none-eabi/13.2.1/../../../../arm-none-eabi/lib/thumb/v7e-m+fp/hard\libcr_c.a(fseek.o)
 .debug_info    0x00016796      0x197 C:/nxp/MCUXpressoIDE_11.10.0_3148/ide/plugins/com.nxp.mcuxpresso.tools.win32_11.10.0.202311280810/tools/bin/../lib/gcc/arm-none-eabi/13.2.1/../../../../arm-none-eabi/lib/thumb/v7e-m+fp/hard\libcr_c.a(ftell.o)
 .debug_info    0x0001692d      0x1d7 C:/nxp/MCUXpressoIDE_11.10.0_3148/ide/plugins/com.nxp.mcuxpresso.tools.win32_11.10.0.202311280810/tools/bin/../lib/gcc/arm-none-eabi/13.2.1/../../../../arm-none-eabi/lib/thumb/v7e-m+fp/hard\libcr_c.a(remove.o)
 .debug_info    0x00016b04      0x23a C:/nxp/MCUXpressoIDE_11.10.0_3148/ide/plugins/com.nxp.mcuxpresso.tools.win32_11.10.0.202311280810/tools/bin/../lib/gcc/arm-none-eabi/13.2.1/../../../../arm-none-eabi/lib/thumb/v7e-m+fp/hard\libcr_c.a(_do_fflush.o)
 .debug_info    0x00016d3e      0x18b C:/nxp/MCUXpressoIDE_11.10.0_3148/ide/plugins/com.nxp.mcuxpresso.tools.win32_11.10.0.202311280810/tools/bin/../lib/gcc/arm-none-eabi/13.2.1/../../../../arm-none-eabi/lib/thumb/v7e-m+fp/hard\libcr_nohost_nf.a(__ciob.o)
 .debug_info    0x00016ec9       0x6a C:/nxp/MCUXpressoIDE_11.10.0_3148/ide/plugins/com.nxp.mcuxpresso.tools.win32_11.10.0.202311280810/tools/bin/../lib/gcc/arm-none-eabi/13.2.1/../../../../arm-none-eabi/lib/thumb/v7e-m+fp/hard\libcr_nohost_nf.a(__sys_close.o)
 .debug_info    0x00016f33       0x6a C:/nxp/MCUXpressoIDE_11.10.0_3148/ide/plugins/com.nxp.mcuxpresso.tools.win32_11.10.0.202311280810/tools/bin/../lib/gcc/arm-none-eabi/13.2.1/../../../../arm-none-eabi/lib/thumb/v7e-m+fp/hard\libcr_nohost_nf.a(__sys_flen.o)
 .debug_info    0x00016f9d       0x6a C:/nxp/MCUXpressoIDE_11.10.0_3148/ide/plugins/com.nxp.mcuxpresso.tools.win32_11.10.0.202311280810/tools/bin/../lib/gcc/arm-none-eabi/13.2.1/../../../../arm-none-eabi/lib/thumb/v7e-m+fp/hard\libcr_nohost_nf.a(__sys_istty.o)
 .debug_info    0x00017007       0x8a C:/nxp/MCUXpressoIDE_11.10.0_3148/ide/plugins/com.nxp.mcuxpresso.tools.win32_11.10.0.202311280810/tools/bin/../lib/gcc/arm-none-eabi/13.2.1/../../../../arm-none-eabi/lib/thumb/v7e-m+fp/hard\libcr_nohost_nf.a(__sys_remove.o)
 .debug_info    0x00017091       0x78 C:/nxp/MCUXpressoIDE_11.10.0_3148/ide/plugins/com.nxp.mcuxpresso.tools.win32_11.10.0.202311280810/tools/bin/../lib/gcc/arm-none-eabi/13.2.1/../../../../arm-none-eabi/lib/thumb/v7e-m+fp/hard\libcr_nohost_nf.a(__sys_seek.o)
 .debug_info    0x00017109       0x93 C:/nxp/MCUXpressoIDE_11.10.0_3148/ide/plugins/com.nxp.mcuxpresso.tools.win32_11.10.0.202311280810/tools/bin/../lib/gcc/arm-none-eabi/13.2.1/../../../../arm-none-eabi/lib/thumb/v7e-m+fp/hard\libcr_nohost_nf.a(__sys_tmpnam.o)
 .debug_info    0x0001719c       0x93 C:/nxp/MCUXpressoIDE_11.10.0_3148/ide/plugins/com.nxp.mcuxpresso.tools.win32_11.10.0.202311280810/tools/bin/../lib/gcc/arm-none-eabi/13.2.1/../../../../arm-none-eabi/lib/thumb/v7e-m+fp/hard\libcr_nohost_nf.a(__sys_write.o)

.debug_abbrev   0x00000000     0x4abf
 .debug_abbrev  0x00000000       0x90 ./utilities/fsl_assert.o
 .debug_abbrev  0x00000090      0x270 ./utilities/fsl_debug_console.o
 .debug_abbrev  0x00000300      0x270 ./utilities/fsl_str.o
 .debug_abbrev  0x00000570      0x17a ./startup/startup_mk66f18.o
 .debug_abbrev  0x000006ea      0x2a7 ./source/GPIO.o
 .debug_abbrev  0x00000991      0x1be ./source/NVIC.o
 .debug_abbrev  0x00000b4f      0x241 ./source/freertos_hello.o
 .debug_abbrev  0x00000d90       0x31 ./source/semihost_hardfault.o
 .debug_abbrev  0x00000dc1      0x212 ./freertos/freertos_kernel/portable/MemMang/heap_4.o
 .debug_abbrev  0x00000fd3      0x259 ./freertos/freertos_kernel/portable/GCC/ARM_CM4F/port.o
 .debug_abbrev  0x0000122c       0xf2 ./freertos/freertos_kernel/list.o
 .debug_abbrev  0x0000131e      0x319 ./freertos/freertos_kernel/queue.o
 .debug_abbrev  0x00001637      0x36c ./freertos/freertos_kernel/tasks.o
 .debug_abbrev  0x000019a3      0x2e3 ./freertos/freertos_kernel/timers.o
 .debug_abbrev  0x00001c86      0x381 ./drivers/fsl_clock.o
 .debug_abbrev  0x00002007      0x1a5 ./drivers/fsl_gpio.o
 .debug_abbrev  0x000021ac      0x43f ./drivers/fsl_lpuart.o
 .debug_abbrev  0x000025eb      0x45d ./drivers/fsl_uart.o
 .debug_abbrev  0x00002a48      0x148 ./device/system_MK66F18.o
 .debug_abbrev  0x00002b90      0x214 ./component/uart/fsl_adapter_uart.o
 .debug_abbrev  0x00002da4      0x25b ./component/serial_manager/fsl_component_serial_manager.o
 .debug_abbrev  0x00002fff      0x18c ./component/serial_manager/fsl_component_serial_port_uart.o
 .debug_abbrev  0x0000318b       0xc7 ./board/board.o
 .debug_abbrev  0x00003252      0x247 ./board/clock_config.o
 .debug_abbrev  0x00003499       0x70 C:/nxp/MCUXpressoIDE_11.10.0_3148/ide/plugins/com.nxp.mcuxpresso.tools.win32_11.10.0.202311280810/tools/bin/../lib/gcc/arm-none-eabi/13.2.1/../../../../arm-none-eabi/lib/thumb/v7e-m+fp/hard\libcr_nohost_nf.a(_cr__main.o)
 .debug_abbrev  0x00003509       0xb6 C:/nxp/MCUXpressoIDE_11.10.0_3148/ide/plugins/com.nxp.mcuxpresso.tools.win32_11.10.0.202311280810/tools/bin/../lib/gcc/arm-none-eabi/13.2.1/../../../../arm-none-eabi/lib/thumb/v7e-m+fp/hard\libcr_c.a(memcpy.o)
 .debug_abbrev  0x000035bf       0xa8 C:/nxp/MCUXpressoIDE_11.10.0_3148/ide/plugins/com.nxp.mcuxpresso.tools.win32_11.10.0.202311280810/tools/bin/../lib/gcc/arm-none-eabi/13.2.1/../../../../arm-none-eabi/lib/thumb/v7e-m+fp/hard\libcr_c.a(memset.o)
 .debug_abbrev  0x00003667      0x284 C:/nxp/MCUXpressoIDE_11.10.0_3148/ide/plugins/com.nxp.mcuxpresso.tools.win32_11.10.0.202311280810/tools/bin/../lib/gcc/arm-none-eabi/13.2.1/../../../../arm-none-eabi/lib/thumb/v7e-m+fp/hard\libcr_c.a(alloc.o)
 .debug_abbrev  0x000038eb       0x44 C:/nxp/MCUXpressoIDE_11.10.0_3148/ide/plugins/com.nxp.mcuxpresso.tools.win32_11.10.0.202311280810/tools/bin/../lib/gcc/arm-none-eabi/13.2.1/../../../../arm-none-eabi/lib/thumb/v7e-m+fp/hard\libcr_c.a(errno.o)
 .debug_abbrev  0x0000392f      0x169 C:/nxp/MCUXpressoIDE_11.10.0_3148/ide/plugins/com.nxp.mcuxpresso.tools.win32_11.10.0.202311280810/tools/bin/../lib/gcc/arm-none-eabi/13.2.1/../../../../arm-none-eabi/lib/thumb/v7e-m+fp/hard\libcr_c.a(initio.o)
 .debug_abbrev  0x00003a98       0xe1 C:/nxp/MCUXpressoIDE_11.10.0_3148/ide/plugins/com.nxp.mcuxpresso.tools.win32_11.10.0.202311280810/tools/bin/../lib/gcc/arm-none-eabi/13.2.1/../../../../arm-none-eabi/lib/thumb/v7e-m+fp/hard\libcr_c.a(setvbuf.o)
 .debug_abbrev  0x00003b79       0xa7 C:/nxp/MCUXpressoIDE_11.10.0_3148/ide/plugins/com.nxp.mcuxpresso.tools.win32_11.10.0.202311280810/tools/bin/../lib/gcc/arm-none-eabi/13.2.1/../../../../arm-none-eabi/lib/thumb/v7e-m+fp/hard\libcr_c.a(strlen.o)
 .debug_abbrev  0x00003c20      0x152 C:/nxp/MCUXpressoIDE_11.10.0_3148/ide/plugins/com.nxp.mcuxpresso.tools.win32_11.10.0.202311280810/tools/bin/../lib/gcc/arm-none-eabi/13.2.1/../../../../arm-none-eabi/lib/thumb/v7e-m+fp/hard\libcr_c.a(_deferredlazyseek.o)
 .debug_abbrev  0x00003d72      0x119 C:/nxp/MCUXpressoIDE_11.10.0_3148/ide/plugins/com.nxp.mcuxpresso.tools.win32_11.10.0.202311280810/tools/bin/../lib/gcc/arm-none-eabi/13.2.1/../../../../arm-none-eabi/lib/thumb/v7e-m+fp/hard\libcr_c.a(_fdopen.o)
 .debug_abbrev  0x00003e8b       0xf1 C:/nxp/MCUXpressoIDE_11.10.0_3148/ide/plugins/com.nxp.mcuxpresso.tools.win32_11.10.0.202311280810/tools/bin/../lib/gcc/arm-none-eabi/13.2.1/../../../../arm-none-eabi/lib/thumb/v7e-m+fp/hard\libcr_c.a(_fflush.o)
 .debug_abbrev  0x00003f7c      0x126 C:/nxp/MCUXpressoIDE_11.10.0_3148/ide/plugins/com.nxp.mcuxpresso.tools.win32_11.10.0.202311280810/tools/bin/../lib/gcc/arm-none-eabi/13.2.1/../../../../arm-none-eabi/lib/thumb/v7e-m+fp/hard\libcr_c.a(_writebuf.o)
 .debug_abbrev  0x000040a2      0x155 C:/nxp/MCUXpressoIDE_11.10.0_3148/ide/plugins/com.nxp.mcuxpresso.tools.win32_11.10.0.202311280810/tools/bin/../lib/gcc/arm-none-eabi/13.2.1/../../../../arm-none-eabi/lib/thumb/v7e-m+fp/hard\libcr_c.a(fclose.o)
 .debug_abbrev  0x000041f7      0x125 C:/nxp/MCUXpressoIDE_11.10.0_3148/ide/plugins/com.nxp.mcuxpresso.tools.win32_11.10.0.202311280810/tools/bin/../lib/gcc/arm-none-eabi/13.2.1/../../../../arm-none-eabi/lib/thumb/v7e-m+fp/hard\libcr_c.a(fflush.o)
 .debug_abbrev  0x0000431c      0x11b C:/nxp/MCUXpressoIDE_11.10.0_3148/ide/plugins/com.nxp.mcuxpresso.tools.win32_11.10.0.202311280810/tools/bin/../lib/gcc/arm-none-eabi/13.2.1/../../../../arm-none-eabi/lib/thumb/v7e-m+fp/hard\libcr_c.a(fseek.o)
 .debug_abbrev  0x00004437       0xc2 C:/nxp/MCUXpressoIDE_11.10.0_3148/ide/plugins/com.nxp.mcuxpresso.tools.win32_11.10.0.202311280810/tools/bin/../lib/gcc/arm-none-eabi/13.2.1/../../../../arm-none-eabi/lib/thumb/v7e-m+fp/hard\libcr_c.a(ftell.o)
 .debug_abbrev  0x000044f9       0xfb C:/nxp/MCUXpressoIDE_11.10.0_3148/ide/plugins/com.nxp.mcuxpresso.tools.win32_11.10.0.202311280810/tools/bin/../lib/gcc/arm-none-eabi/13.2.1/../../../../arm-none-eabi/lib/thumb/v7e-m+fp/hard\libcr_c.a(remove.o)
 .debug_abbrev  0x000045f4      0x12c C:/nxp/MCUXpressoIDE_11.10.0_3148/ide/plugins/com.nxp.mcuxpresso.tools.win32_11.10.0.202311280810/tools/bin/../lib/gcc/arm-none-eabi/13.2.1/../../../../arm-none-eabi/lib/thumb/v7e-m+fp/hard\libcr_c.a(_do_fflush.o)
 .debug_abbrev  0x00004720       0xb5 C:/nxp/MCUXpressoIDE_11.10.0_3148/ide/plugins/com.nxp.mcuxpresso.tools.win32_11.10.0.202311280810/tools/bin/../lib/gcc/arm-none-eabi/13.2.1/../../../../arm-none-eabi/lib/thumb/v7e-m+fp/hard\libcr_nohost_nf.a(__ciob.o)
 .debug_abbrev  0x000047d5       0x5c C:/nxp/MCUXpressoIDE_11.10.0_3148/ide/plugins/com.nxp.mcuxpresso.tools.win32_11.10.0.202311280810/tools/bin/../lib/gcc/arm-none-eabi/13.2.1/../../../../arm-none-eabi/lib/thumb/v7e-m+fp/hard\libcr_nohost_nf.a(__sys_close.o)
 .debug_abbrev  0x00004831       0x5c C:/nxp/MCUXpressoIDE_11.10.0_3148/ide/plugins/com.nxp.mcuxpresso.tools.win32_11.10.0.202311280810/tools/bin/../lib/gcc/arm-none-eabi/13.2.1/../../../../arm-none-eabi/lib/thumb/v7e-m+fp/hard\libcr_nohost_nf.a(__sys_flen.o)